2026-08-06 23:38:45 activities: 01_tagging 02_lego 03_fencing 04_basketball 05_volleyball 06_badminton 07_tennis   rungs: 4   maxjobs=2   fusion=geodesic-median
2026-08-06 23:38:47 01_tagging: 14 eligible scene(s)
2026-08-06 23:38:48 02_lego: 6 eligible scene(s)
2026-08-06 23:38:50 03_fencing: 14 eligible scene(s)
2026-08-06 23:38:51 04_basketball: 13 eligible scene(s)
2026-08-06 23:38:53 05_volleyball: 11 eligible scene(s)
2026-08-06 23:39:02 06_badminton: 61 eligible scene(s)
2026-08-06 23:39:09 07_tennis: 13 eligible scene(s)
2026-08-06 23:39:12 01_tagging m4: submitted 3022815 (14 scene(s) pending)
2026-08-06 23:39:13 02_lego m4: submitted 3022816 (6 scene(s) pending)
2026-08-06 23:39:33 132 scene-rung(s) remaining, 2 job(s) active
2026-08-06 23:42:56 132 scene-rung(s) remaining, 2 job(s) active
2026-08-06 23:46:17 130 scene-rung(s) remaining, 2 job(s) active
2026-08-06 23:49:39 128 scene-rung(s) remaining, 2 job(s) active
2026-08-06 23:53:12 126 scene-rung(s) remaining, 2 job(s) active
2026-08-06 23:56:36 126 scene-rung(s) remaining, 2 job(s) active
2026-08-07 00:00:01 124 scene-rung(s) remaining, 2 job(s) active
2026-08-07 00:03:21 122 scene-rung(s) remaining, 2 job(s) active
2026-08-07 01:50:45 03_fencing m4: sbatch failed: 
2026-08-07 02:02:55 04_basketball m4: sbatch failed: 
2026-08-07 02:08:12 05_volleyball m4: submitted 3024623 (11 scene(s) pending)
2026-08-07 02:08:19 06_badminton m4: submitted 3024625 (61 scene(s) pending)
2026-08-07 02:08:22 112 scene-rung(s) remaining, 2 job(s) active
2026-08-07 02:11:40 112 scene-rung(s) remaining, 2 job(s) active
2026-08-07 02:14:54 111 scene-rung(s) remaining, 2 job(s) active
2026-08-07 02:18:09 110 scene-rung(s) remaining, 2 job(s) active
2026-08-07 02:21:23 109 scene-rung(s) remaining, 2 job(s) active
2026-08-07 02:24:36 107 scene-rung(s) remaining, 2 job(s) active
2026-08-07 02:27:54 106 scene-rung(s) remaining, 2 job(s) active
2026-08-07 02:31:09 105 scene-rung(s) remaining, 2 job(s) active
2026-08-07 02:34:23 104 scene-rung(s) remaining, 2 job(s) active
2026-08-07 02:37:44 102 scene-rung(s) remaining, 2 job(s) active
2026-08-07 02:41:04 07_tennis m4: submitted 3025051 (13 scene(s) pending)
2026-08-07 02:41:04 101 scene-rung(s) remaining, 2 job(s) active
2026-08-07 02:44:19 101 scene-rung(s) remaining, 2 job(s) active
2026-08-07 02:47:33 100 scene-rung(s) remaining, 2 job(s) active
2026-08-07 02:50:36 98 scene-rung(s) remaining, 2 job(s) active
2026-08-07 02:53:39 97 scene-rung(s) remaining, 2 job(s) active
2026-08-07 02:56:57 96 scene-rung(s) remaining, 2 job(s) active
2026-08-07 03:00:18 95 scene-rung(s) remaining, 2 job(s) active
2026-08-07 03:03:35 94 scene-rung(s) remaining, 2 job(s) active
2026-08-07 03:06:52 93 scene-rung(s) remaining, 2 job(s) active
2026-08-07 03:10:16 92 scene-rung(s) remaining, 2 job(s) active
2026-08-07 03:13:42 90 scene-rung(s) remaining, 2 job(s) active
2026-08-07 03:17:04 89 scene-rung(s) remaining, 2 job(s) active
2026-08-07 03:20:28 88 scene-rung(s) remaining, 2 job(s) active
2026-08-07 03:23:50 86 scene-rung(s) remaining, 2 job(s) active
2026-08-07 03:27:15 85 scene-rung(s) remaining, 2 job(s) active
2026-08-07 03:30:35 84 scene-rung(s) remaining, 2 job(s) active
2026-08-07 03:33:52 83 scene-rung(s) remaining, 2 job(s) active
2026-08-07 03:37:15 81 scene-rung(s) remaining, 2 job(s) active
2026-08-07 03:40:39 80 scene-rung(s) remaining, 2 job(s) active
2026-08-07 03:43:59 79 scene-rung(s) remaining, 2 job(s) active
2026-08-07 03:47:20 77 scene-rung(s) remaining, 2 job(s) active
2026-08-07 03:50:41 76 scene-rung(s) remaining, 2 job(s) active
2026-08-07 03:54:02 75 scene-rung(s) remaining, 2 job(s) active
2026-08-07 03:57:26 74 scene-rung(s) remaining, 2 job(s) active
2026-08-07 04:00:52 72 scene-rung(s) remaining, 2 job(s) active
2026-08-07 04:04:13 71 scene-rung(s) remaining, 2 job(s) active
2026-08-07 04:07:26 70 scene-rung(s) remaining, 2 job(s) active
2026-08-07 04:10:30 69 scene-rung(s) remaining, 2 job(s) active
2026-08-07 04:13:33 03_fencing m4: submitted 3025960 (14 scene(s) pending)
2026-08-07 04:13:44 69 scene-rung(s) remaining, 2 job(s) active
2026-08-07 04:16:55 68 scene-rung(s) remaining, 2 job(s) active
2026-08-07 04:20:07 67 scene-rung(s) remaining, 2 job(s) active
2026-08-07 04:23:19 67 scene-rung(s) remaining, 2 job(s) active
2026-08-07 04:26:31 66 scene-rung(s) remaining, 2 job(s) active
2026-08-07 04:29:44 65 scene-rung(s) remaining, 2 job(s) active
2026-08-07 04:32:56 65 scene-rung(s) remaining, 2 job(s) active
2026-08-07 04:36:09 64 scene-rung(s) remaining, 2 job(s) active
2026-08-07 04:39:25 63 scene-rung(s) remaining, 2 job(s) active
2026-08-07 04:42:38 63 scene-rung(s) remaining, 2 job(s) active
2026-08-07 04:45:50 62 scene-rung(s) remaining, 2 job(s) active
2026-08-07 04:49:05 62 scene-rung(s) remaining, 2 job(s) active
2026-08-07 04:52:18 61 scene-rung(s) remaining, 2 job(s) active
2026-08-07 04:55:31 60 scene-rung(s) remaining, 2 job(s) active
2026-08-07 04:58:43 60 scene-rung(s) remaining, 2 job(s) active
2026-08-07 05:01:57 59 scene-rung(s) remaining, 2 job(s) active
2026-08-07 05:05:18 58 scene-rung(s) remaining, 2 job(s) active
2026-08-07 05:08:31 58 scene-rung(s) remaining, 2 job(s) active
2026-08-07 05:11:44 57 scene-rung(s) remaining, 2 job(s) active
2026-08-07 05:14:48 04_basketball m4: submitted 3026114 (13 scene(s) pending)
2026-08-07 05:14:57 56 scene-rung(s) remaining, 2 job(s) active
2026-08-07 05:18:08 55 scene-rung(s) remaining, 2 job(s) active
2026-08-07 05:21:21 54 scene-rung(s) remaining, 2 job(s) active
2026-08-07 05:24:34 52 scene-rung(s) remaining, 2 job(s) active
2026-08-07 05:27:48 51 scene-rung(s) remaining, 2 job(s) active
2026-08-07 05:31:01 50 scene-rung(s) remaining, 2 job(s) active
2026-08-07 05:34:15 48 scene-rung(s) remaining, 2 job(s) active
2026-08-07 05:37:28 47 scene-rung(s) remaining, 2 job(s) active
2026-08-07 05:40:41 45 scene-rung(s) remaining, 2 job(s) active
2026-08-07 05:43:51 06_badminton m4: submitted 3026581 (29 scene(s) pending)
2026-08-07 05:43:54 42 scene-rung(s) remaining, 2 job(s) active
2026-08-07 05:47:07 42 scene-rung(s) remaining, 2 job(s) active
2026-08-07 05:50:20 41 scene-rung(s) remaining, 2 job(s) active
2026-08-07 05:53:33 40 scene-rung(s) remaining, 2 job(s) active
2026-08-07 05:56:46 38 scene-rung(s) remaining, 2 job(s) active
2026-08-07 05:59:59 36 scene-rung(s) remaining, 2 job(s) active
2026-08-07 06:03:13 35 scene-rung(s) remaining, 2 job(s) active
2026-08-07 06:06:26 33 scene-rung(s) remaining, 2 job(s) active
2026-08-07 06:09:39 32 scene-rung(s) remaining, 2 job(s) active
2026-08-07 06:12:52 29 scene-rung(s) remaining, 1 job(s) active
2026-08-07 06:16:10 28 scene-rung(s) remaining, 1 job(s) active
2026-08-07 06:19:27 26 scene-rung(s) remaining, 1 job(s) active
2026-08-07 06:22:43 24 scene-rung(s) remaining, 1 job(s) active
2026-08-07 06:26:00 23 scene-rung(s) remaining, 1 job(s) active
2026-08-07 06:29:17 20 scene-rung(s) remaining, 1 job(s) active
2026-08-07 06:32:37 17 scene-rung(s) remaining, 1 job(s) active
2026-08-07 06:35:59 15 scene-rung(s) remaining, 1 job(s) active
2026-08-07 06:39:11 14 scene-rung(s) remaining, 1 job(s) active
2026-08-07 06:42:23 13 scene-rung(s) remaining, 1 job(s) active
2026-08-07 06:45:35 11 scene-rung(s) remaining, 1 job(s) active
2026-08-07 06:48:44 10 scene-rung(s) remaining, 1 job(s) active
2026-08-07 06:51:57 9 scene-rung(s) remaining, 1 job(s) active
2026-08-07 06:55:09 7 scene-rung(s) remaining, 1 job(s) active
2026-08-07 06:58:20 6 scene-rung(s) remaining, 1 job(s) active
2026-08-07 07:01:32 4 scene-rung(s) remaining, 1 job(s) active
2026-08-07 07:04:44 2 scene-rung(s) remaining, 1 job(s) active
2026-08-07 07:07:56 all activities x rungs complete
=== final aggregate per activity ===
--- 01_tagging ---
 WARN The package `fsspec==2026.4.0` does not have an extra named `http`
 WARN The package `fsspec==2026.4.0` does not have an extra named `http`
  001_tagging               M2: W†=  128.5 GA=  73.3 PA= 43.7  M3: W†=   82.3 GA=  70.7 PA= 43.7  M4: W†=   81.6 GA=  65.2 PA= 25.5 mm   | single-view PA: best=40.8 median=48.4
  002_tagging               M2: W†=  101.6 GA=  54.4 PA= 38.8  M3: W†=   65.2 GA=  53.5 PA= 38.8  M4: W†=   64.3 GA=  49.7 PA= 25.3 mm   | single-view PA: best=37.7 median=44.0
  003_tagging               M2: W†=  152.9 GA=  65.3 PA= 44.1  M3: W†=   76.1 GA=  62.7 PA= 44.1  M4: W†=   74.0 GA=  56.4 PA= 25.5 mm   | single-view PA: best=41.7 median=49.4
  004_tagging               M2: W†=  130.7 GA=  64.2 PA= 46.8  M3: W†=   73.9 GA=  60.0 PA= 46.8  M4: W†=   69.5 GA=  52.5 PA= 25.4 mm   | single-view PA: best=43.9 median=52.4
  005_tagging               M2: W†=  137.3 GA=  64.6 PA= 43.3  M3: W†=   74.6 GA=  60.6 PA= 43.3  M4: W†=   71.8 GA=  53.6 PA= 24.7 mm   | single-view PA: best=42.0 median=47.7
  006_tagging               M2: W†=  121.4 GA=  56.6 PA= 43.9  M3: W†=   70.8 GA=  55.1 PA= 43.9  M4: W†=   69.8 GA=  49.4 PA= 25.5 mm   | single-view PA: best=42.5 median=47.5
  007_tagging               M2: W†=  173.5 GA=  92.6 PA= 44.2  M3: W†=  178.8 GA= 107.8 PA= 44.2  M4: W†=  178.1 GA= 105.0 PA= 24.9 mm   | single-view PA: best=42.3 median=48.4
  008_tagging               M2: W†=  150.2 GA=  69.2 PA= 47.7  M3: W†=  111.4 GA=  68.0 PA= 47.7  M4: W†=  107.7 GA=  58.7 PA= 24.7 mm   | single-view PA: best=46.0 median=52.4
  009_tagging               M2: W†=  112.8 GA=  54.8 PA= 44.6  M3: W†=  124.4 GA=  56.7 PA= 44.6  M4: W†=  120.7 GA=  47.5 PA= 23.8 mm   | single-view PA: best=43.0 median=47.6
  010_tagging               M2: W†=  122.9 GA=  58.9 PA= 46.4  M3: W†=  126.3 GA=  60.7 PA= 46.4  M4: W†=  124.7 GA=  53.9 PA= 24.8 mm   | single-view PA: best=44.8 median=50.3
  011_tagging               M2: W†=  108.6 GA=  53.9 PA= 42.8  M3: W†=  122.8 GA=  55.1 PA= 42.8  M4: W†=  120.8 GA=  48.6 PA= 23.6 mm   | single-view PA: best=41.5 median=46.2
  012_tagging               M2: W†=  155.5 GA=  86.5 PA= 48.5  M3: W†=   98.8 GA=  85.5 PA= 48.5  M4: W†=   95.8 GA=  76.7 PA= 24.4 mm   | single-view PA: best=47.7 median=56.8
  013_tagging               M2: W†=  113.2 GA=  71.4 PA= 49.6  M3: W†=   88.9 GA=  68.0 PA= 49.6  M4: W†=   82.7 GA=  56.0 PA= 24.2 mm   | single-view PA: best=48.1 median=57.2
  014_tagging               M2: W†=  172.8 GA=  91.3 PA= 48.3  M3: W†=  101.0 GA=  77.1 PA= 48.3  M4: W†=   99.8 GA=  72.7 PA= 23.8 mm   | single-view PA: best=45.2 median=53.5

=== AGGREGATE — EgoHumans ORACLE ABLATIONS (mm) ===
  Oracle numbers — NOT comparable to CHROMM (W†510 GA150 PA50).
  Production number: evaluation/evaluate_egohumans.py
  rung                                        n   W-MPJPE†   GA-MPJPE   PA-MPJPE
  M2: pred-cam + GT-scale + pred-pose        14      134.4       68.3       45.2
  M3: GT-cam   + GT-scale + pred-pose        14       99.7       67.2       45.2
  M4: GT-cam   + GT-scale + GT-pose  (oracle)   14       97.2       60.4       24.7

  Reading the ladder:  M2 - production = scale error;  M3 - M2 = camera error;  M4 - M3 = pose/fusion error.
--- 02_lego ---
 WARN The package `fsspec==2026.4.0` does not have an extra named `http`
 WARN The package `fsspec==2026.4.0` does not have an extra named `http`
  001_legoassemble          M2: W†=   74.7 GA=  56.8 PA= 44.9  M3: W†=   59.3 GA=  54.9 PA= 44.9  M4: W†=   57.3 GA=  51.0 PA= 27.8 mm   | single-view PA: best=43.4 median=50.3
  002_legoassemble          M2: W†=   73.4 GA=  60.8 PA= 46.4  M3: W†=   63.9 GA=  59.0 PA= 46.4  M4: W†=   60.5 GA=  54.1 PA= 27.7 mm   | single-view PA: best=43.8 median=51.4
  003_legoassemble          M2: W†=   79.8 GA=  57.1 PA= 42.2  M3: W†=   59.8 GA=  54.8 PA= 42.2  M4: W†=   59.0 GA=  52.3 PA= 27.9 mm   | single-view PA: best=41.6 median=47.1
  004_legoassemble          M2: W†=   71.5 GA=  55.1 PA= 43.6  M3: W†=   57.9 GA=  53.3 PA= 43.6  M4: W†=   56.0 GA=  49.0 PA= 27.2 mm   | single-view PA: best=42.4 median=49.0
  005_legoassemble          M2: W†=   71.5 GA=  53.1 PA= 42.6  M3: W†=   59.7 GA=  52.1 PA= 42.6  M4: W†=   57.4 GA=  46.8 PA= 27.2 mm   | single-view PA: best=40.4 median=48.5
  006_legoassemble          M2: W†=   77.5 GA=  60.6 PA= 46.5  M3: W†=   65.9 GA=  59.2 PA= 46.5  M4: W†=   61.2 GA=  50.8 PA= 27.1 mm   | single-view PA: best=44.4 median=51.4

=== AGGREGATE — EgoHumans ORACLE ABLATIONS (mm) ===
  Oracle numbers — NOT comparable to CHROMM (W†510 GA150 PA50).
  Production number: evaluation/evaluate_egohumans.py
  rung                                        n   W-MPJPE†   GA-MPJPE   PA-MPJPE
  M2: pred-cam + GT-scale + pred-pose         6       74.7       57.3       44.4
  M3: GT-cam   + GT-scale + pred-pose         6       61.1       55.5       44.4
  M4: GT-cam   + GT-scale + GT-pose  (oracle)    6       58.6       50.7       27.5

  Reading the ladder:  M2 - production = scale error;  M3 - M2 = camera error;  M4 - M3 = pose/fusion error.
--- 03_fencing ---
 WARN The package `fsspec==2026.4.0` does not have an extra named `http`
 WARN The package `fsspec==2026.4.0` does not have an extra named `http`
  001_fencing               M2: W†=  269.7 GA= 108.3 PA= 32.6  M3: W†=  128.8 GA=  64.2 PA= 32.6  M4: W†=  127.8 GA=  60.9 PA= 26.3 mm   | single-view PA: best=31.6 median=35.6
  002_fencing               M2: W†=  239.2 GA=  92.8 PA= 31.1  M3: W†=  125.5 GA=  67.8 PA= 31.1  M4: W†=  125.2 GA=  66.3 PA= 26.5 mm   | single-view PA: best=29.9 median=34.4
  003_fencing               M2: W†=  235.5 GA=  83.0 PA= 33.0  M3: W†=  135.9 GA=  73.4 PA= 33.0  M4: W†=  135.3 GA=  72.7 PA= 26.9 mm   | single-view PA: best=30.4 median=36.2
  004_fencing               M2: W†=  215.6 GA=  80.0 PA= 31.8  M3: W†=  109.0 GA=  66.3 PA= 31.8  M4: W†=  107.7 GA=  63.7 PA= 26.0 mm   | single-view PA: best=30.6 median=34.8
  005_fencing               M2: W†=  221.6 GA=  78.6 PA= 39.7  M3: W†=  116.0 GA=  71.2 PA= 39.7  M4: W†=  114.8 GA=  66.5 PA= 26.8 mm   | single-view PA: best=37.7 median=42.0
  006_fencing               M2: W†=  211.5 GA=  73.1 PA= 31.3  M3: W†=  108.4 GA=  59.7 PA= 31.3  M4: W†=  107.4 GA=  57.4 PA= 26.6 mm   | single-view PA: best=29.6 median=34.0
  007_fencing               M2: W†=  176.2 GA=  69.4 PA= 31.1  M3: W†=  123.0 GA=  61.8 PA= 31.1  M4: W†=  121.8 GA=  59.3 PA= 27.2 mm   | single-view PA: best=30.3 median=34.7
  008_fencing               M2: W†=  225.6 GA=  76.4 PA= 33.4  M3: W†=  104.7 GA=  66.0 PA= 33.4  M4: W†=  101.6 GA=  62.8 PA= 27.0 mm   | single-view PA: best=31.7 median=37.6
  009_fencing               M2: W†=  193.6 GA=  83.5 PA= 40.5  M3: W†=  105.9 GA=  70.0 PA= 40.5  M4: W†=  104.1 GA=  63.6 PA= 26.6 mm   | single-view PA: best=38.7 median=43.6
  010_fencing               M2: W†=  177.8 GA=  62.0 PA= 33.4  M3: W†=   87.8 GA=  56.5 PA= 33.4  M4: W†=   86.3 GA=  53.5 PA= 27.0 mm   | single-view PA: best=31.5 median=36.4
  011_fencing               M2: W†=  220.9 GA=  53.6 PA= 33.5  M3: W†=  123.7 GA=  49.0 PA= 33.5  M4: W†=  122.2 GA=  47.2 PA= 27.9 mm   | single-view PA: best=31.8 median=36.7
  012_fencing               M2: W†=  229.0 GA=  56.0 PA= 41.8  M3: W†=  126.5 GA=  53.8 PA= 41.8  M4: W†=  122.2 GA=  44.9 PA= 28.2 mm   | single-view PA: best=40.8 median=45.2
  013_fencing               M2: W†=  200.8 GA=  49.2 PA= 38.3  M3: W†=   78.7 GA=  46.1 PA= 38.3  M4: W†=   78.2 GA=  39.9 PA= 25.9 mm   | single-view PA: best=37.6 median=40.3
  014_fencing               M2: W†=  130.3 GA=  43.3 PA= 32.9  M3: W†=   75.7 GA=  42.3 PA= 32.9  M4: W†=   71.7 GA=  36.7 PA= 24.7 mm   | single-view PA: best=28.6 median=37.0

=== AGGREGATE — EgoHumans ORACLE ABLATIONS (mm) ===
  Oracle numbers — NOT comparable to CHROMM (W†510 GA150 PA50).
  Production number: evaluation/evaluate_egohumans.py
  rung                                        n   W-MPJPE†   GA-MPJPE   PA-MPJPE
  M2: pred-cam + GT-scale + pred-pose        14      210.5       72.1       34.6
  M3: GT-cam   + GT-scale + pred-pose        14      110.7       60.6       34.6
  M4: GT-cam   + GT-scale + GT-pose  (oracle)   14      109.0       56.8       26.7

  Reading the ladder:  M2 - production = scale error;  M3 - M2 = camera error;  M4 - M3 = pose/fusion error.
--- 04_basketball ---
 WARN The package `fsspec==2026.4.0` does not have an extra named `http`
 WARN The package `fsspec==2026.4.0` does not have an extra named `http`
  001_basketball            M2: W†=  159.4 GA=  61.5 PA= 28.3  M3: W†=  184.0 GA= 104.5 PA= 28.3  M4: W†=  182.6 GA= 102.1 PA= 20.1 mm   | single-view PA: best=27.3 median=34.3
  002_basketball            M2: W†=  132.6 GA=  66.4 PA= 31.5  M3: W†=  157.5 GA=  97.4 PA= 31.5  M4: W†=  155.2 GA=  93.3 PA= 20.4 mm   | single-view PA: best=29.8 median=38.0
  003_basketball            M2: W†=  137.9 GA=  61.2 PA= 30.9  M3: W†=  163.2 GA=  83.0 PA= 30.9  M4: W†=  160.7 GA=  79.2 PA= 19.9 mm   | single-view PA: best=31.6 median=38.9
  004_basketball            M2: W†=  123.3 GA=  54.8 PA= 33.3  M3: W†=  109.0 GA=  61.7 PA= 33.3  M4: W†=  104.8 GA=  54.2 PA= 18.8 mm   | single-view PA: best=32.0 median=39.3
  005_basketball            M2: W†=  135.9 GA=  57.7 PA= 32.3  M3: W†=  144.0 GA=  76.4 PA= 32.3  M4: W†=  141.5 GA=  72.3 PA= 20.6 mm   | single-view PA: best=31.0 median=38.6
  006_basketball            M2: W†=  133.8 GA=  53.8 PA= 30.5  M3: W†=  136.9 GA=  76.3 PA= 30.5  M4: W†=  134.0 GA=  71.2 PA= 19.9 mm   | single-view PA: best=30.3 median=36.8
  007_basketball            M2: W†=  207.9 GA=  79.2 PA= 37.7  M3: W†=  180.6 GA=  83.7 PA= 37.7  M4: W†=  177.1 GA=  76.3 PA= 20.6 mm   | single-view PA: best=35.7 median=44.5
  008_basketball            M2: W†=  165.4 GA=  58.9 PA= 31.7  M3: W†=  185.9 GA=  71.6 PA= 31.7  M4: W†=  183.3 GA=  66.1 PA= 20.4 mm   | single-view PA: best=30.5 median=39.3
  009_basketball            M2: W†=  175.4 GA=  53.7 PA= 30.5  M3: W†=  125.9 GA=  60.7 PA= 30.5  M4: W†=  122.4 GA=  55.1 PA= 19.2 mm   | single-view PA: best=29.8 median=36.5
  011_basketball            M2: W†=  108.6 GA=  54.5 PA= 25.2  M3: W†=  131.8 GA=  98.0 PA= 25.2  M4: W†=  131.7 GA=  96.7 PA= 19.0 mm   | single-view PA: best=24.5 median=29.4
  012_basketball            M2: W†=  128.3 GA=  66.7 PA= 27.0  M3: W†=  146.4 GA= 113.0 PA= 27.0  M4: W†=  145.5 GA= 111.2 PA= 18.9 mm   | single-view PA: best=25.8 median=31.4
  013_basketball            M2: W†=  151.4 GA=  61.6 PA= 34.4  M3: W†=  252.3 GA=  85.6 PA= 34.4  M4: W†=  251.4 GA=  79.4 PA= 19.3 mm   | single-view PA: best=32.5 median=40.2
  014_basketball            M2: W†=  170.5 GA=  69.3 PA= 35.1  M3: W†=  168.3 GA=  85.4 PA= 35.1  M4: W†=  166.0 GA=  79.7 PA= 20.5 mm   | single-view PA: best=33.6 median=42.5

=== AGGREGATE — EgoHumans ORACLE ABLATIONS (mm) ===
  Oracle numbers — NOT comparable to CHROMM (W†510 GA150 PA50).
  Production number: evaluation/evaluate_egohumans.py
  rung                                        n   W-MPJPE†   GA-MPJPE   PA-MPJPE
  M2: pred-cam + GT-scale + pred-pose        13      148.5       61.5       31.4
  M3: GT-cam   + GT-scale + pred-pose        13      160.5       84.4       31.4
  M4: GT-cam   + GT-scale + GT-pose  (oracle)   13      158.2       79.8       19.8

  Reading the ladder:  M2 - production = scale error;  M3 - M2 = camera error;  M4 - M3 = pose/fusion error.
--- 05_volleyball ---
 WARN The package `fsspec==2026.4.0` does not have an extra named `http`
 WARN The package `fsspec==2026.4.0` does not have an extra named `http`
  001_volleyball            M2: W†=  517.8 GA= 292.5 PA= 29.2  M3: W†=  525.5 GA= 283.8 PA= 29.2  M4: W†=  524.9 GA= 281.9 PA= 22.9 mm   | single-view PA: best=28.5 median=36.6
  002_volleyball            M2: W†=  894.3 GA= 732.7 PA= 29.8  M3: W†=  968.3 GA= 768.8 PA= 29.8  M4: W†=  967.7 GA= 767.2 PA= 21.8 mm   | single-view PA: best=28.5 median=37.2
  003_volleyball            M2: W†=  464.7 GA= 169.9 PA= 29.7  M3: W†=  359.4 GA= 161.4 PA= 29.7  M4: W†=  358.5 GA= 159.4 PA= 21.9 mm   | single-view PA: best=29.1 median=37.1
  004_volleyball            M2: W†=  508.6 GA= 192.3 PA= 29.4  M3: W†=  336.6 GA= 116.9 PA= 29.4  M4: W†=  335.9 GA= 114.4 PA= 22.4 mm   | single-view PA: best=28.5 median=36.9
  005_volleyball            M2: W†=  437.8 GA= 195.7 PA= 31.6  M3: W†=  307.9 GA= 120.4 PA= 31.6  M4: W†=  306.3 GA= 117.4 PA= 22.0 mm   | single-view PA: best=31.5 median=38.6
  006_volleyball            M2: W†=  461.0 GA= 234.1 PA= 30.3  M3: W†=  346.5 GA= 243.3 PA= 30.3  M4: W†=  346.5 GA= 241.6 PA= 22.3 mm   | single-view PA: best=29.4 median=38.2
  007_volleyball            M2: W†=  453.9 GA= 248.9 PA= 28.8  M3: W†=  349.2 GA= 240.0 PA= 28.8  M4: W†=  348.4 GA= 238.1 PA= 21.2 mm   | single-view PA: best=28.5 median=35.5
  008_volleyball            M2: W†=  475.9 GA= 220.8 PA= 28.7  M3: W†=  364.2 GA= 214.0 PA= 28.7  M4: W†=  364.4 GA= 213.1 PA= 22.1 mm   | single-view PA: best=28.6 median=35.2
  009_volleyball            M2: W†=  625.4 GA= 396.5 PA= 29.7  M3: W†=  492.2 GA= 383.5 PA= 29.7  M4: W†=  492.1 GA= 382.1 PA= 21.9 mm   | single-view PA: best=28.9 median=36.7
  010_volleyball            M2: W†=  513.4 GA= 224.8 PA= 29.0  M3: W†=  350.6 GA= 199.4 PA= 29.0  M4: W†=  350.2 GA= 197.0 PA= 22.1 mm   | single-view PA: best=28.6 median=36.4
  011_volleyball            M2: W†=  459.9 GA= 180.0 PA= 30.8  M3: W†=  314.5 GA= 136.0 PA= 30.8  M4: W†=  313.3 GA= 132.4 PA= 21.6 mm   | single-view PA: best=29.1 median=38.8

=== AGGREGATE — EgoHumans ORACLE ABLATIONS (mm) ===
  Oracle numbers — NOT comparable to CHROMM (W†510 GA150 PA50).
  Production number: evaluation/evaluate_egohumans.py
  rung                                        n   W-MPJPE†   GA-MPJPE   PA-MPJPE
  M2: pred-cam + GT-scale + pred-pose        11      528.4      280.7       29.7
  M3: GT-cam   + GT-scale + pred-pose        11      428.6      260.7       29.7
  M4: GT-cam   + GT-scale + GT-pose  (oracle)   11      428.0      258.6       22.0

  Reading the ladder:  M2 - production = scale error;  M3 - M2 = camera error;  M4 - M3 = pose/fusion error.
--- 06_badminton ---
 WARN The package `fsspec==2026.4.0` does not have an extra named `http`
 WARN The package `fsspec==2026.4.0` does not have an extra named `http`
  001_badminton             M2: W†=  899.1 GA= 453.3 PA= 24.3  M3: W†=  420.5 GA= 449.0 PA= 24.3  M4: W†=  419.9 GA= 448.4 PA= 17.5 mm   | single-view PA: best=23.7 median=29.3
  002_badminton             M2: W†=  604.1 GA=  84.5 PA= 24.2  M3: W†=  148.1 GA=  79.6 PA= 24.2  M4: W†=  146.7 GA=  77.4 PA= 17.1 mm   | single-view PA: best=23.5 median=28.9
  003_badminton             M2: W†=  940.2 GA= 376.8 PA= 25.8  M3: W†=  572.6 GA= 376.2 PA= 25.8  M4: W†=  571.0 GA= 374.0 PA= 16.6 mm   | single-view PA: best=24.3 median=30.7
  004_badminton             M2: W†=  517.0 GA=  68.6 PA= 24.6  M3: W†=  149.5 GA=  79.1 PA= 24.6  M4: W†=  148.1 GA=  77.2 PA= 16.8 mm   | single-view PA: best=23.6 median=28.5
  005_badminton             M2: W†=  609.3 GA=  80.2 PA= 24.1  M3: W†=  131.7 GA=  71.4 PA= 24.1  M4: W†=  130.2 GA=  69.8 PA= 17.2 mm   | single-view PA: best=23.0 median=28.3
  006_badminton             M2: W†=  588.6 GA=  64.6 PA= 23.0  M3: W†=  122.9 GA=  54.1 PA= 23.0  M4: W†=  121.8 GA=  53.0 PA= 17.0 mm   | single-view PA: best=21.9 median=27.0
  007_badminton             M2: W†=  567.9 GA=  87.4 PA= 25.7  M3: W†=  142.0 GA=  77.1 PA= 25.7  M4: W†=  140.5 GA=  74.8 PA= 17.1 mm   | single-view PA: best=23.9 median=29.8
  008_badminton             M2: W†=  584.9 GA=  73.8 PA= 23.5  M3: W†=  127.5 GA=  56.8 PA= 23.5  M4: W†=  125.6 GA=  54.3 PA= 16.6 mm   | single-view PA: best=22.7 median=26.6
  009_badminton             M2: W†=  522.9 GA=  95.6 PA= 26.2  M3: W†=  128.4 GA=  74.5 PA= 26.2  M4: W†=  126.3 GA=  72.1 PA= 16.9 mm   | single-view PA: best=24.9 median=30.4
  010_badminton             M2: W†=  562.5 GA=  65.8 PA= 25.1  M3: W†=  127.2 GA=  59.2 PA= 25.1  M4: W†=  125.4 GA=  56.9 PA= 17.0 mm   | single-view PA: best=24.2 median=29.6
  011_badminton             M2: W†=  582.7 GA=  84.6 PA= 25.7  M3: W†=  124.5 GA=  71.8 PA= 25.7  M4: W†=  122.8 GA=  68.7 PA= 16.5 mm   | single-view PA: best=24.8 median=29.6
  012_badminton             M2: W†=  565.1 GA= 109.0 PA= 25.1  M3: W†=  134.2 GA=  78.4 PA= 25.1  M4: W†=  132.8 GA=  76.6 PA= 17.1 mm   | single-view PA: best=24.1 median=29.2
  013_badminton             M2: W†=  573.5 GA= 111.4 PA= 25.8  M3: W†=  157.8 GA= 105.6 PA= 25.8  M4: W†=  156.7 GA= 103.9 PA= 17.0 mm   | single-view PA: best=24.6 median=29.8
  014_badminton             M2: W†=  547.0 GA=  78.3 PA= 24.8  M3: W†=  132.5 GA=  68.9 PA= 24.8  M4: W†=  130.7 GA=  66.5 PA= 16.9 mm   | single-view PA: best=23.7 median=29.3
  015_badminton             M2: W†=  567.9 GA=  63.2 PA= 23.6  M3: W†=  127.5 GA=  68.9 PA= 23.6  M4: W†=  126.2 GA=  67.2 PA= 16.9 mm   | single-view PA: best=22.9 median=28.0
  016_badminton             M2: W†=  575.6 GA=  96.1 PA= 24.4  M3: W†=  136.1 GA=  75.1 PA= 24.4  M4: W†=  134.8 GA=  73.3 PA= 17.0 mm   | single-view PA: best=23.2 median=28.5
  017_badminton             M2: W†=  504.4 GA=  77.2 PA= 24.5  M3: W†=  129.8 GA=  58.8 PA= 24.5  M4: W†=  127.8 GA=  56.4 PA= 16.9 mm   | single-view PA: best=24.1 median=29.5
  018_badminton             M2: W†=  553.3 GA=  68.6 PA= 23.7  M3: W†=  132.8 GA=  68.8 PA= 23.7  M4: W†=  131.6 GA=  67.2 PA= 16.8 mm   | single-view PA: best=22.5 median=27.8
  019_badminton             M2: W†=  636.2 GA=  79.4 PA= 25.5  M3: W†=  148.2 GA=  98.6 PA= 25.5  M4: W†=  146.9 GA=  96.1 PA= 16.9 mm   | single-view PA: best=24.7 median=30.2
  020_badminton             M2: W†=  565.4 GA=  53.2 PA= 24.9  M3: W†=   93.1 GA=  37.0 PA= 24.9  M4: W†=   91.7 GA=  33.5 PA= 17.1 mm   | single-view PA: best=23.7 median=28.9
  021_badminton             M2: W†=  636.7 GA= 269.2 PA= 25.3  M3: W†=  276.0 GA= 276.2 PA= 25.3  M4: W†=  274.4 GA= 273.4 PA= 16.7 mm   | single-view PA: best=24.2 median=29.2
  022_badminton             M2: W†=  623.7 GA=  87.2 PA= 24.2  M3: W†=  119.8 GA=  65.9 PA= 24.2  M4: W†=  118.7 GA=  64.7 PA= 16.8 mm   | single-view PA: best=23.5 median=28.3
  023_badminton             M2: W†=  543.7 GA=  55.0 PA= 23.7  M3: W†=  115.1 GA=  52.4 PA= 23.7  M4: W†=  113.1 GA=  50.9 PA= 16.9 mm   | single-view PA: best=23.1 median=27.7
  024_badminton             M2: W†=  528.8 GA=  68.0 PA= 23.1  M3: W†=  135.4 GA=  66.4 PA= 23.1  M4: W†=  133.6 GA=  65.0 PA= 16.9 mm   | single-view PA: best=22.6 median=26.8
  025_badminton             M2: W†=  541.2 GA=  56.8 PA= 23.5  M3: W†=  124.7 GA=  59.6 PA= 23.5  M4: W†=  123.3 GA=  58.1 PA= 17.0 mm   | single-view PA: best=22.9 median=27.9
  026_badminton             M2: W†=  517.6 GA=  68.7 PA= 24.0  M3: W†=  133.7 GA=  63.3 PA= 24.0  M4: W†=  132.2 GA=  61.2 PA= 17.1 mm   | single-view PA: best=23.0 median=28.3
  027_badminton             M2: W†=  538.3 GA=  67.9 PA= 23.9  M3: W†=  131.2 GA=  66.6 PA= 23.9  M4: W†=  129.7 GA=  64.9 PA= 16.7 mm   | single-view PA: best=23.1 median=28.0
  028_badminton             M2: W†=  567.3 GA=  74.2 PA= 25.2  M3: W†=  126.4 GA=  58.1 PA= 25.2  M4: W†=  124.8 GA=  56.0 PA= 17.0 mm   | single-view PA: best=24.2 median=30.5
  029_badminton             M2: W†=  495.6 GA=  79.6 PA= 24.4  M3: W†=  137.8 GA=  79.1 PA= 24.4  M4: W†=  135.3 GA=  77.2 PA= 16.5 mm   | single-view PA: best=24.0 median=28.7
  030_badminton             M2: W†=  569.0 GA=  85.5 PA= 25.5  M3: W†=  132.3 GA=  67.4 PA= 25.5  M4: W†=  130.1 GA=  65.3 PA= 17.3 mm   | single-view PA: best=24.8 median=30.9
  031_badminton             M2: W†=  498.4 GA=  85.1 PA= 24.1  M3: W†=  129.9 GA=  67.3 PA= 24.1  M4: W†=  128.3 GA=  66.3 PA= 17.0 mm   | single-view PA: best=23.6 median=28.8
  032_badminton             M2: W†=  506.3 GA=  67.1 PA= 24.4  M3: W†=  127.2 GA=  62.1 PA= 24.4  M4: W†=  124.9 GA=  60.2 PA= 16.9 mm   | single-view PA: best=23.1 median=29.1
  033_badminton             M2: W†=  534.9 GA=  70.0 PA= 25.1  M3: W†=  122.2 GA=  57.7 PA= 25.1  M4: W†=  119.0 GA=  54.6 PA= 16.5 mm   | single-view PA: best=24.5 median=30.3
  034_badminton             M2: W†=  578.8 GA=  75.6 PA= 28.5  M3: W†=  130.0 GA=  69.9 PA= 28.5  M4: W†=  128.0 GA=  66.7 PA= 17.6 mm   | single-view PA: best=27.4 median=35.3
  035_badminton             M2: W†=  551.9 GA=  63.3 PA= 27.2  M3: W†=  130.1 GA=  69.1 PA= 27.2  M4: W†=  127.6 GA=  66.7 PA= 17.0 mm   | single-view PA: best=26.2 median=32.7
  036_badminton             M2: W†=  570.3 GA=  88.8 PA= 25.2  M3: W†=  143.0 GA=  79.8 PA= 25.2  M4: W†=  141.4 GA=  78.7 PA= 17.0 mm   | single-view PA: best=24.6 median=30.1
  037_badminton             M2: W†=  586.5 GA=  62.0 PA= 26.4  M3: W†=  128.7 GA=  60.0 PA= 26.4  M4: W†=  126.8 GA=  57.1 PA= 16.9 mm   | single-view PA: best=25.5 median=30.9
  038_badminton             M2: W†=  472.6 GA=  46.7 PA= 23.4  M3: W†=  118.2 GA=  56.2 PA= 23.4  M4: W†=  116.3 GA=  54.7 PA= 17.1 mm   | single-view PA: best=22.6 median=27.4
  039_badminton             M2: W†=  592.9 GA=  85.2 PA= 24.7  M3: W†=  131.1 GA=  74.6 PA= 24.7  M4: W†=  129.2 GA=  72.6 PA= 16.7 mm   | single-view PA: best=23.8 median=28.8
  040_badminton             M2: W†=  493.6 GA=  54.7 PA= 24.7  M3: W†=  112.0 GA=  61.2 PA= 24.7  M4: W†=  110.2 GA=  59.2 PA= 17.4 mm   | single-view PA: best=24.0 median=29.6
  041_badminton             M2: W†=  531.2 GA=  72.9 PA= 24.1  M3: W†=  135.8 GA=  80.0 PA= 24.1  M4: W†=  134.1 GA=  77.8 PA= 16.9 mm   | single-view PA: best=23.7 median=28.5
  042_badminton             M2: W†=  544.3 GA=  60.6 PA= 26.4  M3: W†=  115.0 GA=  61.8 PA= 26.4  M4: W†=  112.3 GA=  58.9 PA= 16.6 mm   | single-view PA: best=24.9 median=30.8
  043_badminton             M2: W†=  533.9 GA=  73.6 PA= 27.3  M3: W†=  120.2 GA=  64.4 PA= 27.3  M4: W†=  117.4 GA=  61.4 PA= 17.4 mm   | single-view PA: best=26.4 median=31.9
  044_badminton             M2: W†=  602.8 GA=  67.2 PA= 26.4  M3: W†=  126.9 GA=  64.8 PA= 26.4  M4: W†=  125.1 GA=  62.5 PA= 17.3 mm   | single-view PA: best=26.0 median=30.4
  045_badminton             M2: W†=  473.6 GA=  64.5 PA= 26.1  M3: W†=  112.0 GA=  60.2 PA= 26.1  M4: W†=  109.8 GA=  59.3 PA= 17.7 mm   | single-view PA: best=25.5 median=30.3
  046_badminton             M2: W†=  622.7 GA=  90.6 PA= 26.4  M3: W†=  142.4 GA=  79.5 PA= 26.4  M4: W†=  139.7 GA=  76.8 PA= 17.6 mm   | single-view PA: best=25.6 median=31.3
  047_badminton             M2: W†=  588.6 GA=  77.0 PA= 25.4  M3: W†=  126.2 GA=  64.5 PA= 25.4  M4: W†=  124.5 GA=  62.2 PA= 16.9 mm   | single-view PA: best=24.3 median=30.0
  048_badminton             M2: W†=  575.2 GA=  67.7 PA= 25.4  M3: W†=  126.9 GA=  63.0 PA= 25.4  M4: W†=  125.7 GA=  60.9 PA= 16.8 mm   | single-view PA: best=24.1 median=29.6
  049_badminton             M2: W†=  612.2 GA=  66.5 PA= 25.6  M3: W†=  126.6 GA=  61.5 PA= 25.6  M4: W†=  125.2 GA=  59.2 PA= 17.3 mm   | single-view PA: best=24.7 median=29.5
  050_badminton             M2: W†=  867.3 GA= 274.2 PA= 27.2  M3: W†=  251.1 GA= 213.2 PA= 27.2  M4: W†=  249.8 GA= 210.8 PA= 16.7 mm   | single-view PA: best=25.2 median=30.7
  051_badminton             M2: W†=  798.2 GA= 112.5 PA= 27.5  M3: W†=  157.7 GA=  69.4 PA= 27.5  M4: W†=  155.9 GA=  66.2 PA= 17.0 mm   | single-view PA: best=25.9 median=30.8
  052_badminton             M2: W†=  798.9 GA= 416.7 PA= 27.3  M3: W†=  322.0 GA= 329.4 PA= 27.3  M4: W†=  319.9 GA= 326.7 PA= 17.0 mm   | single-view PA: best=26.1 median=30.8
  053_badminton             M2: W†=  776.1 GA= 163.0 PA= 27.4  M3: W†=  166.4 GA=  81.6 PA= 27.4  M4: W†=  164.4 GA=  78.4 PA= 16.9 mm   | single-view PA: best=26.0 median=31.3
  054_badminton             M2: W†=  685.3 GA=  95.4 PA= 27.1  M3: W†=  147.7 GA=  72.8 PA= 27.1  M4: W†=  146.1 GA=  70.5 PA= 16.9 mm   | single-view PA: best=26.2 median=30.3
  055_badminton             M2: W†=  715.3 GA= 175.5 PA= 26.4  M3: W†=  195.8 GA= 105.5 PA= 26.4  M4: W†=  194.4 GA= 103.1 PA= 16.8 mm   | single-view PA: best=24.7 median=29.8
  056_badminton             M2: W†=  796.9 GA= 195.9 PA= 28.7  M3: W†=  170.3 GA=  73.1 PA= 28.7  M4: W†=  168.1 GA=  69.3 PA= 17.0 mm   | single-view PA: best=27.0 median=32.4
  057_badminton             M2: W†=  914.1 GA= 176.3 PA= 27.9  M3: W†=  169.3 GA=  73.5 PA= 27.9  M4: W†=  166.8 GA=  69.9 PA= 17.5 mm   | single-view PA: best=26.9 median=31.4
  058_badminton             M2: W†=  603.8 GA= 131.6 PA= 27.2  M3: W†=  149.6 GA=  55.2 PA= 27.2  M4: W†=  147.7 GA=  51.4 PA= 16.7 mm   | single-view PA: best=26.1 median=30.6
  059_badminton             M2: W†=  712.6 GA= 191.2 PA= 28.9  M3: W†=  149.1 GA=  62.6 PA= 28.9  M4: W†=  146.4 GA=  59.1 PA= 17.4 mm   | single-view PA: best=27.7 median=32.6
  060_badminton             M2: W†=  801.7 GA= 166.0 PA= 26.4  M3: W†=  163.3 GA=  65.7 PA= 26.4  M4: W†=  160.8 GA=  62.2 PA= 16.9 mm   | single-view PA: best=25.6 median=30.3
  061_badminton             M2: W†=  703.3 GA= 159.0 PA= 26.4  M3: W†=  146.6 GA=  66.6 PA= 26.4  M4: W†=  145.1 GA=  64.2 PA= 16.6 mm   | single-view PA: best=25.4 median=29.5

=== AGGREGATE — EgoHumans ORACLE ABLATIONS (mm) ===
  Oracle numbers — NOT comparable to CHROMM (W†510 GA150 PA50).
  Production number: evaluation/evaluate_egohumans.py
  rung                                        n   W-MPJPE†   GA-MPJPE   PA-MPJPE
  M2: pred-cam + GT-scale + pred-pose        61      611.0      111.2       25.4
  M3: GT-cam   + GT-scale + pred-pose        61      154.3       90.0       25.4
  M4: GT-cam   + GT-scale + GT-pose  (oracle)   61      152.5       87.7       17.0

  Reading the ladder:  M2 - production = scale error;  M3 - M2 = camera error;  M4 - M3 = pose/fusion error.
--- 07_tennis ---
 WARN The package `fsspec==2026.4.0` does not have an extra named `http`
 WARN The package `fsspec==2026.4.0` does not have an extra named `http`
  001_tennis                M2: W†=  273.6 GA=  29.1 PA= 25.0  M3: W†=  177.9 GA=  29.9 PA= 25.0  M4: W†=  177.6 GA=  29.1 PA= 17.6 mm   | single-view PA: best=24.8 median=31.4
  002_tennis                M2: W†=  287.9 GA=  34.9 PA= 27.0  M3: W†=  185.7 GA=  35.3 PA= 27.0  M4: W†=  185.5 GA=  33.4 PA= 17.8 mm   | single-view PA: best=26.4 median=33.8
  003_tennis                M2: W†=  314.9 GA=  35.0 PA= 26.4  M3: W†=  212.2 GA=  35.5 PA= 26.4  M4: W†=  211.6 GA=  33.8 PA= 17.4 mm   | single-view PA: best=25.7 median=33.6
  004_tennis                M2: W†=  279.7 GA=  34.1 PA= 27.5  M3: W†=  190.4 GA=  34.7 PA= 27.5  M4: W†=  189.9 GA=  32.4 PA= 17.5 mm   | single-view PA: best=26.9 median=34.9
  005_tennis                M2: W†=  307.8 GA=  33.7 PA= 26.7  M3: W†=  210.4 GA=  33.8 PA= 26.7  M4: W†=  209.8 GA=  32.5 PA= 17.9 mm   | single-view PA: best=25.9 median=33.1
  006_tennis                M2: W†=  367.6 GA=  44.3 PA= 26.6  M3: W†=  235.4 GA=  45.2 PA= 26.6  M4: W†=  234.8 GA=  44.0 PA= 17.8 mm   | single-view PA: best=25.9 median=32.1
  007_tennis                M2: W†=  316.0 GA=  34.5 PA= 26.9  M3: W†=  212.2 GA=  35.2 PA= 26.9  M4: W†=  211.4 GA=  33.4 PA= 17.7 mm   | single-view PA: best=25.8 median=33.3
  008_tennis                M2: W†=  327.2 GA=  32.5 PA= 26.1  M3: W†=  210.9 GA=  33.4 PA= 26.1  M4: W†=  210.3 GA=  31.0 PA= 17.0 mm   | single-view PA: best=25.5 median=32.3
  009_tennis                M2: W†=  243.3 GA=  29.5 PA= 25.0  M3: W†=  187.4 GA=  30.1 PA= 25.0  M4: W†=  187.1 GA=  29.9 PA= 17.8 mm   | single-view PA: best=24.7 median=31.3
  010_tennis                M2: W†=  201.9 GA=  33.8 PA= 26.7  M3: W†=  157.0 GA=  34.4 PA= 26.7  M4: W†=  156.9 GA=  33.0 PA= 17.6 mm   | single-view PA: best=25.8 median=33.3
  011_tennis                M2: W†=  322.7 GA=  40.0 PA= 28.6  M3: W†=  263.1 GA=  41.1 PA= 28.6  M4: W†=  263.2 GA=  39.0 PA= 17.8 mm   | single-view PA: best=27.5 median=35.3
  012_tennis                M2: W†=  179.7 GA=  32.3 PA= 26.7  M3: W†=  129.4 GA=  33.2 PA= 26.7  M4: W†=  129.1 GA=  31.7 PA= 16.9 mm   | single-view PA: best=25.7 median=32.9
  013_tennis                M2: W†=  195.1 GA=  35.3 PA= 28.6  M3: W†=  136.2 GA=  35.8 PA= 28.6  M4: W†=  135.5 GA=  33.7 PA= 17.5 mm   | single-view PA: best=27.1 median=35.8

=== AGGREGATE — EgoHumans ORACLE ABLATIONS (mm) ===
  Oracle numbers — NOT comparable to CHROMM (W†510 GA150 PA50).
  Production number: evaluation/evaluate_egohumans.py
  rung                                        n   W-MPJPE†   GA-MPJPE   PA-MPJPE
  M2: pred-cam + GT-scale + pred-pose        13      278.3       34.5       26.7
  M3: GT-cam   + GT-scale + pred-pose        13      193.0       35.2       26.7
  M4: GT-cam   + GT-scale + GT-pose  (oracle)   13      192.5       33.6       17.6

  Reading the ladder:  M2 - production = scale error;  M3 - M2 = camera error;  M4 - M3 = pose/fusion error.
2026-08-07 07:22:42 Driver exiting.
