 WARN The package `fsspec==2026.4.0` does not have an extra named `http`
 WARN The package `fsspec==2026.4.0` does not have an extra named `http`
INFO eval_egohumans: Fusion: geodesic median over cameras, L1/Weiszfeld (no checkpoint)
/users/tnanni/ghost/evaluation/ablations_egohumans_median.py:280: DeprecationWarning: numpy.core.numeric is deprecated and has been renamed to numpy._core.numeric. The numpy._core namespace contains private NumPy internals and its use is discouraged, as NumPy internals can change without warning in any release. In practice, most real-world usage of numpy.core is to access functionality in the public NumPy API. If that is the case, use the public NumPy API. If not, you are using NumPy internals. If you would still like to access an internal attribute, use numpy._core.numeric._frombuffer.
  return pickle.load(f)
INFO eval_egohumans: 001_tennis: dumped  M4: W†=177.6 GA=29.1 PA=17.6 mm
INFO eval_egohumans: 002_tennis: dumped  M4: W†=185.5 GA=33.4 PA=17.8 mm
INFO eval_egohumans: 003_tennis: dumped  M4: W†=211.6 GA=33.8 PA=17.4 mm
INFO eval_egohumans: 004_tennis: dumped  M4: W†=189.9 GA=32.4 PA=17.5 mm
INFO eval_egohumans: 005_tennis: dumped  M4: W†=209.8 GA=32.5 PA=17.9 mm
INFO eval_egohumans: 006_tennis: dumped  M4: W†=234.8 GA=44.0 PA=17.8 mm
INFO eval_egohumans: 007_tennis: dumped  M4: W†=211.4 GA=33.4 PA=17.7 mm
INFO eval_egohumans: 008_tennis: dumped  M4: W†=210.3 GA=31.0 PA=17.0 mm
INFO eval_egohumans: 009_tennis: dumped  M4: W†=187.1 GA=29.9 PA=17.8 mm
INFO eval_egohumans: 010_tennis: dumped  M4: W†=156.9 GA=33.0 PA=17.6 mm
INFO eval_egohumans: 011_tennis: dumped  M4: W†=263.2 GA=39.0 PA=17.8 mm
INFO eval_egohumans: 012_tennis: dumped  M4: W†=129.1 GA=31.7 PA=16.9 mm
INFO eval_egohumans: 013_tennis: dumped  M4: W†=135.5 GA=33.7 PA=17.5 mm
 WARN The package `fsspec==2026.4.0` does not have an extra named `http`
 WARN The package `fsspec==2026.4.0` does not have an extra named `http`
