 WARN The package `fsspec==2026.4.0` does not have an extra named `http`
 WARN The package `fsspec==2026.4.0` does not have an extra named `http`
INFO  Scenes root: /iopsstor/scratch/cscs/tnanni/ghost_outputs/egohumans_new
INFO  Device: cuda  |  trials per scene: 10  |  max_shift: 45
INFO  Evaluating 14 scene(s): ['01_tagging/007_tagging', '01_tagging/011_tagging', '02_lego/001_legoassemble', '02_lego/003_legoassemble', '03_fencing/005_fencing', '03_fencing/006_fencing', '04_basketball/001_basketball', '04_basketball/011_basketball', '05_volleyball/004_volleyball', '05_volleyball/011_volleyball', '06_badminton/022_badminton', '06_badminton/031_badminton', '07_tennis/007_tennis', '07_tennis/012_tennis']
INFO  
============================================================
INFO  Scene: 01_tagging/007_tagging
INFO    cam01: 4 person(s), T=717
INFO    cam04: 4 person(s), T=717
INFO    cam06: 4 person(s), T=717
INFO    cam08: 4 person(s), T=717
INFO    Cameras: ['cam01', 'cam04', 'cam06', 'cam08']
INFO    Persons: [1, 2, 3, 4]  (cameras observing each: {1: 4, 2: 4, 3: 4, 4: 4} of 4)
INFO  
  ── Trial 1/10  true shifts: {'cam01': 0, 'cam04': -37, 'cam06': 25, 'cam08': 14}  end_cuts: {'cam01': 20, 'cam04': 19, 'cam06': 39, 'cam08': 3}
INFO    shift_spread=62
INFO       cam01: true=+37  estimated=+37.0  error=0.0
INFO       cam04: true=+0  estimated=+0.0  error=0.0
INFO       cam06: true=+62  estimated=+62.0  error=0.0
INFO       cam08: true=+51  estimated=+51.0  error=0.0
INFO       MAE=0.00
INFO  
  ── Trial 2/10  true shifts: {'cam01': 0, 'cam04': 18, 'cam06': -27, 'cam08': -37}  end_cuts: {'cam01': 24, 'cam04': 44, 'cam06': 33, 'cam08': 35}
INFO    shift_spread=55
INFO       cam01: true=+37  estimated=+37.0  error=0.0
INFO       cam04: true=+55  estimated=+55.0  error=0.0
INFO       cam06: true=+10  estimated=+10.0  error=0.0
INFO       cam08: true=+0  estimated=+0.0  error=0.0
INFO       MAE=0.00
INFO  
  ── Trial 3/10  true shifts: {'cam01': 0, 'cam04': 20, 'cam06': 26, 'cam08': 1}  end_cuts: {'cam01': 5, 'cam04': 38, 'cam06': 20, 'cam08': 23}
INFO    shift_spread=26
INFO       cam01: true=+0  estimated=+0.0  error=0.0
INFO       cam04: true=+20  estimated=+20.0  error=0.0
INFO       cam06: true=+26  estimated=+26.0  error=0.0
INFO       cam08: true=+1  estimated=+1.0  error=0.0
INFO       MAE=0.00
INFO  
  ── Trial 4/10  true shifts: {'cam01': 0, 'cam04': -12, 'cam06': -29, 'cam08': 39}  end_cuts: {'cam01': 35, 'cam04': 29, 'cam06': 18, 'cam08': 37}
INFO    shift_spread=68
INFO       cam01: true=+29  estimated=+29.0  error=0.0
INFO       cam04: true=+17  estimated=+17.0  error=0.0
INFO       cam06: true=+0  estimated=+0.0  error=0.0
INFO       cam08: true=+68  estimated=+68.0  error=0.0
INFO       MAE=0.00
INFO  
  ── Trial 5/10  true shifts: {'cam01': 0, 'cam04': 4, 'cam06': -5, 'cam08': -5}  end_cuts: {'cam01': 10, 'cam04': 4, 'cam06': 25, 'cam08': 40}
INFO    shift_spread=9
INFO       cam01: true=+5  estimated=+5.0  error=0.0
INFO       cam04: true=+9  estimated=+9.0  error=0.0
INFO       cam06: true=+0  estimated=+0.0  error=0.0
INFO       cam08: true=+0  estimated=+0.0  error=0.0
INFO       MAE=0.00
INFO  
  ── Trial 6/10  true shifts: {'cam01': 0, 'cam04': -40, 'cam06': 33, 'cam08': 30}  end_cuts: {'cam01': 12, 'cam04': 29, 'cam06': 7, 'cam08': 34}
INFO    shift_spread=73
INFO       cam01: true=+40  estimated=+40.0  error=0.0
INFO       cam04: true=+0  estimated=+0.0  error=0.0
INFO       cam06: true=+73  estimated=+73.0  error=0.0
INFO       cam08: true=+70  estimated=+70.0  error=0.0
INFO       MAE=0.00
INFO  
  ── Trial 7/10  true shifts: {'cam01': 0, 'cam04': 18, 'cam06': -13, 'cam08': -39}  end_cuts: {'cam01': 44, 'cam04': 20, 'cam06': 41, 'cam08': 31}
INFO    shift_spread=57
INFO       cam01: true=+39  estimated=+39.0  error=0.0
INFO       cam04: true=+57  estimated=+57.0  error=0.0
INFO       cam06: true=+26  estimated=+26.0  error=0.0
INFO       cam08: true=+0  estimated=+0.0  error=0.0
INFO       MAE=0.00
INFO  
  ── Trial 8/10  true shifts: {'cam01': 0, 'cam04': 25, 'cam06': 24, 'cam08': -28}  end_cuts: {'cam01': 16, 'cam04': 21, 'cam06': 22, 'cam08': 2}
INFO    shift_spread=53
INFO       cam01: true=+28  estimated=+28.0  error=0.0
INFO       cam04: true=+53  estimated=+53.0  error=0.0
INFO       cam06: true=+52  estimated=+52.0  error=0.0
INFO       cam08: true=+0  estimated=+0.0  error=0.0
INFO       MAE=0.00
INFO  
  ── Trial 9/10  true shifts: {'cam01': 0, 'cam04': 4, 'cam06': -31, 'cam08': 22}  end_cuts: {'cam01': 31, 'cam04': 42, 'cam06': 34, 'cam08': 16}
INFO    shift_spread=53
INFO       cam01: true=+31  estimated=+31.0  error=0.0
INFO       cam04: true=+35  estimated=+35.0  error=0.0
INFO       cam06: true=+0  estimated=+0.0  error=0.0
INFO       cam08: true=+53  estimated=+53.0  error=0.0
INFO       MAE=0.00
INFO  
  ── Trial 10/10  true shifts: {'cam01': 0, 'cam04': 43, 'cam06': -8, 'cam08': -16}  end_cuts: {'cam01': 41, 'cam04': 17, 'cam06': 3, 'cam08': 21}
INFO    shift_spread=59
INFO       cam01: true=+16  estimated=+16.0  error=0.0
INFO       cam04: true=+59  estimated=+59.0  error=0.0
INFO       cam06: true=+8  estimated=+8.0  error=0.0
INFO       cam08: true=+0  estimated=+0.0  error=0.0
INFO       MAE=0.00
INFO  
  SUMMARY — 01_tagging/007_tagging  (solved 10/10 trials)
INFO      Shift spread    mean=51.5  median=56.0  max=73.0
INFO      MAE (frames)    0.00
INFO      MedAE (frames)  0.00
INFO      Within 0.5fr    100.0%
INFO      Within 1fr      100.0%
INFO      Within 2fr      100.0%
INFO      AUC@100ms       100.0%
INFO      AUC@500ms       100.0%
INFO  
============================================================
INFO  Scene: 01_tagging/011_tagging
INFO    cam01: 4 person(s), T=762
INFO    cam04: 4 person(s), T=762
INFO    cam06: 4 person(s), T=762
INFO    cam08: 4 person(s), T=762
INFO    Cameras: ['cam01', 'cam04', 'cam06', 'cam08']
INFO    Persons: [1, 2, 3, 4]  (cameras observing each: {1: 4, 2: 4, 3: 4, 4: 4} of 4)
INFO  
  ── Trial 1/10  true shifts: {'cam01': 0, 'cam04': 27, 'cam06': -28, 'cam08': -3}  end_cuts: {'cam01': 5, 'cam04': 31, 'cam06': 21, 'cam08': 15}
INFO    shift_spread=55
INFO       cam01: true=+28  estimated=+28.0  error=0.0
INFO       cam04: true=+55  estimated=+55.0  error=0.0
INFO       cam06: true=+0  estimated=+0.0  error=0.0
INFO       cam08: true=+25  estimated=+25.0  error=0.0
INFO       MAE=0.00
INFO  
  ── Trial 2/10  true shifts: {'cam01': 0, 'cam04': -25, 'cam06': 6, 'cam08': 15}  end_cuts: {'cam01': 43, 'cam04': 20, 'cam06': 7, 'cam08': 38}
INFO    shift_spread=40
INFO       cam01: true=+25  estimated=+25.0  error=0.0
INFO       cam04: true=+0  estimated=+0.0  error=0.0
INFO       cam06: true=+31  estimated=+31.0  error=0.0
INFO       cam08: true=+40  estimated=+40.0  error=0.0
INFO       MAE=0.00
INFO  
  ── Trial 3/10  true shifts: {'cam01': 0, 'cam04': 12, 'cam06': 18, 'cam08': -37}  end_cuts: {'cam01': 14, 'cam04': 35, 'cam06': 38, 'cam08': 20}
INFO    shift_spread=55
INFO       cam01: true=+37  estimated=+37.0  error=0.0
INFO       cam04: true=+49  estimated=+49.0  error=0.0
INFO       cam06: true=+55  estimated=+55.0  error=0.0
INFO       cam08: true=+0  estimated=+0.0  error=0.0
INFO       MAE=0.00
INFO  
  ── Trial 4/10  true shifts: {'cam01': 0, 'cam04': 28, 'cam06': 31, 'cam08': -10}  end_cuts: {'cam01': 41, 'cam04': 13, 'cam06': 11, 'cam08': 31}
INFO    shift_spread=41
INFO       cam01: true=+10  estimated=+10.0  error=0.0
INFO       cam04: true=+38  estimated=+38.0  error=0.0
INFO       cam06: true=+41  estimated=+41.0  error=0.0
INFO       cam08: true=+0  estimated=+0.0  error=0.0
INFO       MAE=0.00
INFO  
  ── Trial 5/10  true shifts: {'cam01': 0, 'cam04': 12, 'cam06': -33, 'cam08': 30}  end_cuts: {'cam01': 9, 'cam04': 37, 'cam06': 0, 'cam08': 36}
INFO    shift_spread=63
INFO       cam01: true=+33  estimated=+33.0  error=0.0
INFO       cam04: true=+45  estimated=+45.0  error=0.0
INFO       cam06: true=+0  estimated=+0.0  error=0.0
INFO       cam08: true=+63  estimated=+63.0  error=0.0
INFO       MAE=0.00
INFO  
  ── Trial 6/10  true shifts: {'cam01': 0, 'cam04': 26, 'cam06': 26, 'cam08': 15}  end_cuts: {'cam01': 21, 'cam04': 32, 'cam06': 12, 'cam08': 35}
INFO    shift_spread=26
INFO       cam01: true=+0  estimated=+0.0  error=0.0
INFO       cam04: true=+26  estimated=+26.0  error=0.0
INFO       cam06: true=+26  estimated=+26.0  error=0.0
INFO       cam08: true=+15  estimated=+15.0  error=0.0
INFO       MAE=0.00
INFO  
  ── Trial 7/10  true shifts: {'cam01': 0, 'cam04': 5, 'cam06': -4, 'cam08': 1}  end_cuts: {'cam01': 26, 'cam04': 1, 'cam06': 6, 'cam08': 11}
INFO    shift_spread=9
INFO       cam01: true=+4  estimated=+4.0  error=0.0
INFO       cam04: true=+9  estimated=+9.0  error=0.0
INFO       cam06: true=+0  estimated=+0.0  error=0.0
INFO       cam08: true=+5  estimated=+5.0  error=0.0
INFO       MAE=0.00
INFO  
  ── Trial 8/10  true shifts: {'cam01': 0, 'cam04': -35, 'cam06': -5, 'cam08': 15}  end_cuts: {'cam01': 30, 'cam04': 21, 'cam06': 39, 'cam08': 26}
INFO    shift_spread=50
INFO       cam01: true=+35  estimated=+35.0  error=0.0
INFO       cam04: true=+0  estimated=+0.0  error=0.0
INFO       cam06: true=+30  estimated=+30.0  error=0.0
INFO       cam08: true=+50  estimated=+50.0  error=0.0
INFO       MAE=0.00
INFO  
  ── Trial 9/10  true shifts: {'cam01': 0, 'cam04': -38, 'cam06': 24, 'cam08': 7}  end_cuts: {'cam01': 29, 'cam04': 26, 'cam06': 25, 'cam08': 4}
INFO    shift_spread=62
INFO       cam01: true=+38  estimated=+38.0  error=0.0
INFO       cam04: true=+0  estimated=+0.0  error=0.0
INFO       cam06: true=+62  estimated=+62.0  error=0.0
INFO       cam08: true=+45  estimated=+45.0  error=0.0
INFO       MAE=0.00
INFO  
  ── Trial 10/10  true shifts: {'cam01': 0, 'cam04': 5, 'cam06': 27, 'cam08': -18}  end_cuts: {'cam01': 27, 'cam04': 1, 'cam06': 15, 'cam08': 20}
INFO    shift_spread=45
INFO       cam01: true=+18  estimated=+18.0  error=0.0
INFO       cam04: true=+23  estimated=+23.0  error=0.0
INFO       cam06: true=+45  estimated=+45.0  error=0.0
INFO       cam08: true=+0  estimated=+0.0  error=0.0
INFO       MAE=0.00
INFO  
  SUMMARY — 01_tagging/011_tagging  (solved 10/10 trials)
INFO      Shift spread    mean=44.6  median=47.5  max=63.0
INFO      MAE (frames)    0.00
INFO      MedAE (frames)  0.00
INFO      Within 0.5fr    100.0%
INFO      Within 1fr      100.0%
INFO      Within 2fr      100.0%
INFO      AUC@100ms       100.0%
INFO      AUC@500ms       100.0%
INFO  
============================================================
INFO  Scene: 02_lego/001_legoassemble
INFO    cam02: 3 person(s), T=602
INFO    cam03: 3 person(s), T=602
INFO    cam04: 3 person(s), T=602
INFO    cam06: 3 person(s), T=602
INFO    Cameras: ['cam02', 'cam03', 'cam04', 'cam06']
INFO    Persons: [1, 2, 3]  (cameras observing each: {1: 4, 2: 4, 3: 4} of 4)
INFO  
  ── Trial 1/10  true shifts: {'cam02': 0, 'cam03': 44, 'cam04': -26, 'cam06': -20}  end_cuts: {'cam02': 18, 'cam03': 45, 'cam04': 39, 'cam06': 1}
INFO    shift_spread=70
INFO       cam02: true=+26  estimated=+26.0  error=0.0
INFO       cam03: true=+70  estimated=+70.5  error=0.5
INFO       cam04: true=+0  estimated=+0.0  error=0.0
INFO       cam06: true=+6  estimated=+6.5  error=0.5
INFO       MAE=0.25
INFO  
  ── Trial 2/10  true shifts: {'cam02': 0, 'cam03': -24, 'cam04': 29, 'cam06': -40}  end_cuts: {'cam02': 39, 'cam03': 12, 'cam04': 42, 'cam06': 13}
INFO    shift_spread=69
INFO       cam02: true=+40  estimated=+39.5  error=0.5
INFO       cam03: true=+16  estimated=+16.0  error=0.0
INFO       cam04: true=+69  estimated=+68.5  error=0.5
INFO       cam06: true=+0  estimated=+0.0  error=0.0
INFO       MAE=0.25
INFO  
  ── Trial 3/10  true shifts: {'cam02': 0, 'cam03': -6, 'cam04': 15, 'cam06': -34}  end_cuts: {'cam02': 25, 'cam03': 23, 'cam04': 36, 'cam06': 45}
INFO    shift_spread=49
INFO       cam02: true=+34  estimated=+33.4  error=0.6
INFO       cam03: true=+28  estimated=+28.2  error=0.2
INFO       cam04: true=+49  estimated=+48.2  error=0.8
INFO       cam06: true=+0  estimated=+0.0  error=0.0
INFO       MAE=0.39
INFO  
  ── Trial 4/10  true shifts: {'cam02': 0, 'cam03': 15, 'cam04': -8, 'cam06': -9}  end_cuts: {'cam02': 19, 'cam03': 37, 'cam04': 14, 'cam06': 7}
INFO    shift_spread=24
INFO       cam02: true=+9  estimated=+8.0  error=1.0
INFO       cam03: true=+24  estimated=+24.0  error=0.0
INFO       cam04: true=+1  estimated=+0.0  error=1.0
INFO       cam06: true=+0  estimated=+0.0  error=0.0
INFO       MAE=0.50
INFO  
  ── Trial 5/10  true shifts: {'cam02': 0, 'cam03': -15, 'cam04': -43, 'cam06': -36}  end_cuts: {'cam02': 4, 'cam03': 35, 'cam04': 33, 'cam06': 32}
INFO    shift_spread=43
INFO       cam02: true=+43  estimated=+43.0  error=0.0
INFO       cam03: true=+28  estimated=+28.5  error=0.5
INFO       cam04: true=+0  estimated=+0.0  error=0.0
INFO       cam06: true=+7  estimated=+7.5  error=0.5
INFO       MAE=0.25
INFO  
  ── Trial 6/10  true shifts: {'cam02': 0, 'cam03': -3, 'cam04': 20, 'cam06': -31}  end_cuts: {'cam02': 41, 'cam03': 23, 'cam04': 43, 'cam06': 7}
INFO    shift_spread=51
INFO       cam02: true=+31  estimated=+30.4  error=0.6
INFO       cam03: true=+28  estimated=+28.2  error=0.2
INFO       cam04: true=+51  estimated=+50.2  error=0.8
INFO       cam06: true=+0  estimated=+0.0  error=0.0
INFO       MAE=0.39
INFO  
  ── Trial 7/10  true shifts: {'cam02': 0, 'cam03': 0, 'cam04': 18, 'cam06': 0}  end_cuts: {'cam02': 20, 'cam03': 7, 'cam04': 17, 'cam06': 10}
INFO    shift_spread=18
INFO       cam02: true=+0  estimated=+0.0  error=0.0
INFO       cam03: true=+0  estimated=+1.0  error=1.0
INFO       cam04: true=+18  estimated=+18.0  error=0.0
INFO       cam06: true=+0  estimated=+1.0  error=1.0
INFO       MAE=0.50
INFO  
  ── Trial 8/10  true shifts: {'cam02': 0, 'cam03': -18, 'cam04': 17, 'cam06': 12}  end_cuts: {'cam02': 27, 'cam03': 16, 'cam04': 44, 'cam06': 4}
INFO    shift_spread=35
INFO       cam02: true=+18  estimated=+17.2  error=0.8
INFO       cam03: true=+0  estimated=+0.0  error=0.0
INFO       cam04: true=+35  estimated=+34.0  error=1.0
INFO       cam06: true=+30  estimated=+29.8  error=0.2
INFO       MAE=0.50
INFO  
  ── Trial 9/10  true shifts: {'cam02': 0, 'cam03': -14, 'cam04': -35, 'cam06': -15}  end_cuts: {'cam02': 44, 'cam03': 16, 'cam04': 41, 'cam06': 22}
INFO    shift_spread=35
INFO       cam02: true=+35  estimated=+35.2  error=0.2
INFO       cam03: true=+21  estimated=+22.0  error=1.0
INFO       cam04: true=+0  estimated=+0.0  error=0.0
INFO       cam06: true=+20  estimated=+20.8  error=0.8
INFO       MAE=0.50
INFO  
  ── Trial 10/10  true shifts: {'cam02': 0, 'cam03': 18, 'cam04': -4, 'cam06': -21}  end_cuts: {'cam02': 35, 'cam03': 44, 'cam04': 12, 'cam06': 35}
INFO    shift_spread=39
INFO       cam02: true=+21  estimated=+20.4  error=0.6
INFO       cam03: true=+39  estimated=+39.2  error=0.2
INFO       cam04: true=+17  estimated=+16.2  error=0.8
INFO       cam06: true=+0  estimated=+0.0  error=0.0
INFO       MAE=0.39
INFO  
  SUMMARY — 02_lego/001_legoassemble  (solved 10/10 trials)
INFO      Shift spread    mean=43.3  median=41.0  max=70.0
INFO      MAE (frames)    0.39
INFO      MedAE (frames)  0.36
INFO      Within 0.5fr    62.5%
INFO      Within 1fr      95.0%
INFO      Within 2fr      100.0%
INFO      AUC@100ms       73.8%
INFO      AUC@500ms       94.8%
INFO  
============================================================
INFO  Scene: 02_lego/003_legoassemble
INFO    cam02: 3 person(s), T=602
INFO    cam03: 3 person(s), T=602
INFO    cam04: 3 person(s), T=602
INFO    cam06: 3 person(s), T=602
INFO    Cameras: ['cam02', 'cam03', 'cam04', 'cam06']
INFO    Persons: [1, 2, 3]  (cameras observing each: {1: 4, 2: 4, 3: 4} of 4)
INFO  
  ── Trial 1/10  true shifts: {'cam02': 0, 'cam03': -22, 'cam04': 20, 'cam06': 26}  end_cuts: {'cam02': 20, 'cam03': 33, 'cam04': 12, 'cam06': 3}
INFO    shift_spread=48
INFO       cam02: true=+22  estimated=+21.4  error=0.6
INFO       cam03: true=+0  estimated=+0.0  error=0.0
INFO       cam04: true=+42  estimated=+41.2  error=0.8
INFO       cam06: true=+48  estimated=+48.2  error=0.2
INFO       MAE=0.39
INFO  
  ── Trial 2/10  true shifts: {'cam02': 0, 'cam03': -37, 'cam04': -5, 'cam06': 37}  end_cuts: {'cam02': 5, 'cam03': 20, 'cam04': 32, 'cam06': 9}
INFO    shift_spread=74
INFO       cam02: true=+37  estimated=+36.4  error=0.6
INFO       cam03: true=+0  estimated=+0.0  error=0.0
INFO       cam04: true=+32  estimated=+31.2  error=0.8
INFO       cam06: true=+74  estimated=+74.2  error=0.2
INFO       MAE=0.39
INFO  
  ── Trial 3/10  true shifts: {'cam02': 0, 'cam03': 20, 'cam04': -18, 'cam06': 28}  end_cuts: {'cam02': 26, 'cam03': 25, 'cam04': 8, 'cam06': 21}
INFO    shift_spread=46
INFO       cam02: true=+18  estimated=+18.2  error=0.2
INFO       cam03: true=+38  estimated=+38.8  error=0.8
INFO       cam04: true=+0  estimated=+0.0  error=0.0
INFO       cam06: true=+46  estimated=+47.0  error=1.0
INFO       MAE=0.50
INFO  
  ── Trial 4/10  true shifts: {'cam02': 0, 'cam03': 32, 'cam04': -44, 'cam06': 24}  end_cuts: {'cam02': 22, 'cam03': 33, 'cam04': 30, 'cam06': 19}
INFO    shift_spread=76
INFO       cam02: true=+44  estimated=+44.8  error=0.8
INFO       cam03: true=+76  estimated=+77.0  error=1.0
INFO       cam04: true=+0  estimated=+0.0  error=0.0
INFO       cam06: true=+68  estimated=+69.2  error=1.2
INFO       MAE=0.75
INFO  
  ── Trial 5/10  true shifts: {'cam02': 0, 'cam03': -17, 'cam04': 12, 'cam06': -33}  end_cuts: {'cam02': 26, 'cam03': 4, 'cam04': 29, 'cam06': 28}
INFO    shift_spread=45
INFO       cam02: true=+33  estimated=+32.2  error=0.8
INFO       cam03: true=+16  estimated=+15.8  error=0.2
INFO       cam04: true=+45  estimated=+44.0  error=1.0
INFO       cam06: true=+0  estimated=+0.0  error=0.0
INFO       MAE=0.50
INFO  
  ── Trial 6/10  true shifts: {'cam02': 0, 'cam03': -38, 'cam04': 23, 'cam06': -8}  end_cuts: {'cam02': 36, 'cam03': 1, 'cam04': 8, 'cam06': 22}
INFO    shift_spread=61
INFO       cam02: true=+38  estimated=+37.4  error=0.6
INFO       cam03: true=+0  estimated=+0.0  error=0.0
INFO       cam04: true=+61  estimated=+60.2  error=0.8
INFO       cam06: true=+30  estimated=+30.2  error=0.2
INFO       MAE=0.39
INFO  
  ── Trial 7/10  true shifts: {'cam02': 0, 'cam03': -28, 'cam04': -15, 'cam06': 15}  end_cuts: {'cam02': 6, 'cam03': 31, 'cam04': 4, 'cam06': 8}
INFO    shift_spread=43
INFO       cam02: true=+28  estimated=+27.4  error=0.6
INFO       cam03: true=+0  estimated=+0.0  error=0.0
INFO       cam04: true=+13  estimated=+12.2  error=0.8
INFO       cam06: true=+43  estimated=+43.2  error=0.2
INFO       MAE=0.39
INFO  
  ── Trial 8/10  true shifts: {'cam02': 0, 'cam03': 8, 'cam04': 27, 'cam06': -30}  end_cuts: {'cam02': 13, 'cam03': 42, 'cam04': 45, 'cam06': 26}
INFO    shift_spread=57
INFO       cam02: true=+30  estimated=+29.8  error=0.2
INFO       cam03: true=+38  estimated=+38.0  error=0.0
INFO       cam04: true=+57  estimated=+56.2  error=0.8
INFO       cam06: true=+0  estimated=+0.0  error=0.0
INFO       MAE=0.25
INFO  
  ── Trial 9/10  true shifts: {'cam02': 0, 'cam03': -5, 'cam04': -14, 'cam06': 10}  end_cuts: {'cam02': 27, 'cam03': 13, 'cam04': 1, 'cam06': 6}
INFO    shift_spread=24
INFO       cam02: true=+14  estimated=+14.2  error=0.2
INFO       cam03: true=+9  estimated=+9.8  error=0.8
INFO       cam04: true=+0  estimated=+0.0  error=0.0
INFO       cam06: true=+24  estimated=+25.0  error=1.0
INFO       MAE=0.50
INFO  
  ── Trial 10/10  true shifts: {'cam02': 0, 'cam03': 42, 'cam04': -7, 'cam06': -2}  end_cuts: {'cam02': 21, 'cam03': 36, 'cam04': 2, 'cam06': 3}
INFO    shift_spread=49
INFO       cam02: true=+7  estimated=+7.2  error=0.2
INFO       cam03: true=+49  estimated=+49.8  error=0.8
INFO       cam04: true=+0  estimated=+0.0  error=0.0
INFO       cam06: true=+5  estimated=+6.0  error=1.0
INFO       MAE=0.50
INFO  
  SUMMARY — 02_lego/003_legoassemble  (solved 10/10 trials)
INFO      Shift spread    mean=52.3  median=48.5  max=76.0
INFO      MAE (frames)    0.46
INFO      MedAE (frames)  0.39
INFO      Within 0.5fr    50.0%
INFO      Within 1fr      97.5%
INFO      Within 2fr      100.0%
INFO      AUC@100ms       69.5%
INFO      AUC@500ms       93.9%
INFO  
============================================================
INFO  Scene: 03_fencing/005_fencing
INFO    cam04: 2 person(s), T=602
INFO    cam05: 3 person(s), T=602
INFO    cam10: 2 person(s), T=602
INFO    cam13: 3 person(s), T=602
INFO    Cameras: ['cam04', 'cam05', 'cam10', 'cam13']
INFO    Persons: [1, 2, 3]  (cameras observing each: {1: 4, 2: 4, 3: 2} of 4)
INFO    Person(s) [3] zero-padded where unobserved — they score only the pairs whose two cameras both see them
INFO  
  ── Trial 1/10  true shifts: {'cam04': 0, 'cam05': -20, 'cam10': -1, 'cam13': 16}  end_cuts: {'cam04': 22, 'cam05': 20, 'cam10': 43, 'cam13': 7}
INFO    shift_spread=36
INFO       cam04: true=+20  estimated=+20.8  error=0.8
INFO       cam05: true=+0  estimated=+0.0  error=0.0
INFO       cam10: true=+19  estimated=+19.0  error=0.0
INFO       cam13: true=+36  estimated=+36.2  error=0.2
INFO       MAE=0.25
INFO  
  ── Trial 2/10  true shifts: {'cam04': 0, 'cam05': 7, 'cam10': 4, 'cam13': -2}  end_cuts: {'cam04': 37, 'cam05': 12, 'cam10': 43, 'cam13': 15}
INFO    shift_spread=9
INFO       cam04: true=+2  estimated=+2.6  error=0.6
INFO       cam05: true=+9  estimated=+8.8  error=0.2
INFO       cam10: true=+6  estimated=+5.8  error=0.2
INFO       cam13: true=+0  estimated=+0.0  error=0.0
INFO       MAE=0.25
INFO  
  ── Trial 3/10  true shifts: {'cam04': 0, 'cam05': 4, 'cam10': 2, 'cam13': 32}  end_cuts: {'cam04': 20, 'cam05': 13, 'cam10': 0, 'cam13': 16}
INFO    shift_spread=32
INFO       cam04: true=+0  estimated=+0.0  error=0.0
INFO       cam05: true=+4  estimated=+3.2  error=0.8
INFO       cam10: true=+2  estimated=+1.2  error=0.8
INFO       cam13: true=+32  estimated=+31.4  error=0.6
INFO       MAE=0.54
INFO  
  ── Trial 4/10  true shifts: {'cam04': 0, 'cam05': 30, 'cam10': -45, 'cam13': 36}  end_cuts: {'cam04': 24, 'cam05': 6, 'cam10': 13, 'cam13': 25}
INFO    shift_spread=81
INFO       cam04: true=+45  estimated=+45.8  error=0.8
INFO       cam05: true=+75  estimated=+75.0  error=0.0
INFO       cam10: true=+0  estimated=+0.0  error=0.0
INFO       cam13: true=+81  estimated=+81.2  error=0.2
INFO       MAE=0.25
INFO  
  ── Trial 5/10  true shifts: {'cam04': 0, 'cam05': -17, 'cam10': -36, 'cam13': 15}  end_cuts: {'cam04': 30, 'cam05': 5, 'cam10': 12, 'cam13': 11}
INFO    shift_spread=51
INFO       cam04: true=+36  estimated=+36.8  error=0.8
INFO       cam05: true=+19  estimated=+19.0  error=0.0
INFO       cam10: true=+0  estimated=+0.0  error=0.0
INFO       cam13: true=+51  estimated=+51.2  error=0.2
INFO       MAE=0.25
INFO  
  ── Trial 6/10  true shifts: {'cam04': 0, 'cam05': 15, 'cam10': 21, 'cam13': 21}  end_cuts: {'cam04': 43, 'cam05': 35, 'cam10': 14, 'cam13': 4}
INFO    shift_spread=21
INFO       cam04: true=+0  estimated=+0.0  error=0.0
INFO       cam05: true=+15  estimated=+14.2  error=0.8
INFO       cam10: true=+21  estimated=+20.2  error=0.8
INFO       cam13: true=+21  estimated=+20.4  error=0.6
INFO       MAE=0.54
INFO  
  ── Trial 7/10  true shifts: {'cam04': 0, 'cam05': 10, 'cam10': 38, 'cam13': 43}  end_cuts: {'cam04': 10, 'cam05': 10, 'cam10': 1, 'cam13': 6}
INFO    shift_spread=43
INFO       cam04: true=+0  estimated=+0.0  error=0.0
INFO       cam05: true=+10  estimated=+9.2  error=0.8
INFO       cam10: true=+38  estimated=+37.2  error=0.8
INFO       cam13: true=+43  estimated=+42.4  error=0.6
INFO       MAE=0.54
INFO  
  ── Trial 8/10  true shifts: {'cam04': 0, 'cam05': 5, 'cam10': 4, 'cam13': -12}  end_cuts: {'cam04': 14, 'cam05': 38, 'cam10': 21, 'cam13': 37}
INFO    shift_spread=17
INFO       cam04: true=+12  estimated=+12.6  error=0.6
INFO       cam05: true=+17  estimated=+16.8  error=0.2
INFO       cam10: true=+16  estimated=+15.8  error=0.2
INFO       cam13: true=+0  estimated=+0.0  error=0.0
INFO       MAE=0.25
INFO  
  ── Trial 9/10  true shifts: {'cam04': 0, 'cam05': 42, 'cam10': -17, 'cam13': -27}  end_cuts: {'cam04': 43, 'cam05': 29, 'cam10': 13, 'cam13': 28}
INFO    shift_spread=69
INFO       cam04: true=+27  estimated=+27.6  error=0.6
INFO       cam05: true=+69  estimated=+68.8  error=0.2
INFO       cam10: true=+10  estimated=+9.8  error=0.2
INFO       cam13: true=+0  estimated=+0.0  error=0.0
INFO       MAE=0.25
INFO  
  ── Trial 10/10  true shifts: {'cam04': 0, 'cam05': 1, 'cam10': 37, 'cam13': -22}  end_cuts: {'cam04': 45, 'cam05': 43, 'cam10': 8, 'cam13': 7}
INFO    shift_spread=59
INFO       cam04: true=+22  estimated=+22.6  error=0.6
INFO       cam05: true=+23  estimated=+22.8  error=0.2
INFO       cam10: true=+59  estimated=+58.8  error=0.2
INFO       cam13: true=+0  estimated=+0.0  error=0.0
INFO       MAE=0.25
INFO  
  SUMMARY — 03_fencing/005_fencing  (solved 10/10 trials)
INFO      Shift spread    mean=41.8  median=39.5  max=81.0
INFO      MAE (frames)    0.34
INFO      MedAE (frames)  0.21
INFO      Within 0.5fr    60.0%
INFO      Within 1fr      100.0%
INFO      Within 2fr      100.0%
INFO      AUC@100ms       77.6%
INFO      AUC@500ms       95.5%
INFO  
============================================================
INFO  Scene: 03_fencing/006_fencing
INFO    cam04: 2 person(s), T=602
INFO    cam05: 3 person(s), T=602
INFO    cam10: 2 person(s), T=602
INFO    cam13: 3 person(s), T=602
INFO    Cameras: ['cam04', 'cam05', 'cam10', 'cam13']
INFO    Persons: [1, 2, 3]  (cameras observing each: {1: 4, 2: 4, 3: 2} of 4)
INFO    Person(s) [3] zero-padded where unobserved — they score only the pairs whose two cameras both see them
INFO  
  ── Trial 1/10  true shifts: {'cam04': 0, 'cam05': 3, 'cam10': -41, 'cam13': -18}  end_cuts: {'cam04': 20, 'cam05': 44, 'cam10': 45, 'cam13': 6}
INFO    shift_spread=44
INFO       cam04: true=+41  estimated=+41.8  error=0.8
INFO       cam05: true=+44  estimated=+44.0  error=0.0
INFO       cam10: true=+0  estimated=+0.0  error=0.0
INFO       cam13: true=+23  estimated=+23.2  error=0.2
INFO       MAE=0.25
INFO  
  ── Trial 2/10  true shifts: {'cam04': 0, 'cam05': 36, 'cam10': -37, 'cam13': 23}  end_cuts: {'cam04': 38, 'cam05': 40, 'cam10': 10, 'cam13': 41}
INFO    shift_spread=73
INFO       cam04: true=+37  estimated=+37.8  error=0.8
INFO       cam05: true=+73  estimated=+73.0  error=0.0
INFO       cam10: true=+0  estimated=+0.0  error=0.0
INFO       cam13: true=+60  estimated=+60.2  error=0.2
INFO       MAE=0.25
INFO  
  ── Trial 3/10  true shifts: {'cam04': 0, 'cam05': -35, 'cam10': 2, 'cam13': -3}  end_cuts: {'cam04': 14, 'cam05': 1, 'cam10': 35, 'cam13': 15}
INFO    shift_spread=37
INFO       cam04: true=+35  estimated=+35.8  error=0.8
INFO       cam05: true=+0  estimated=+0.0  error=0.0
INFO       cam10: true=+37  estimated=+37.0  error=0.0
INFO       cam13: true=+32  estimated=+32.2  error=0.2
INFO       MAE=0.25
INFO  
  ── Trial 4/10  true shifts: {'cam04': 0, 'cam05': 15, 'cam10': -8, 'cam13': -11}  end_cuts: {'cam04': 40, 'cam05': 4, 'cam10': 33, 'cam13': 34}
INFO    shift_spread=26
INFO       cam04: true=+11  estimated=+11.6  error=0.6
INFO       cam05: true=+26  estimated=+25.8  error=0.2
INFO       cam10: true=+3  estimated=+2.8  error=0.2
INFO       cam13: true=+0  estimated=+0.0  error=0.0
INFO       MAE=0.25
INFO  
  ── Trial 5/10  true shifts: {'cam04': 0, 'cam05': -11, 'cam10': -22, 'cam13': -45}  end_cuts: {'cam04': 43, 'cam05': 43, 'cam10': 11, 'cam13': 1}
INFO    shift_spread=45
INFO       cam04: true=+45  estimated=+45.6  error=0.6
INFO       cam05: true=+34  estimated=+33.8  error=0.2
INFO       cam10: true=+23  estimated=+22.8  error=0.2
INFO       cam13: true=+0  estimated=+0.0  error=0.0
INFO       MAE=0.25
INFO  
  ── Trial 6/10  true shifts: {'cam04': 0, 'cam05': -34, 'cam10': -39, 'cam13': 30}  end_cuts: {'cam04': 41, 'cam05': 7, 'cam10': 34, 'cam13': 8}
INFO    shift_spread=69
INFO       cam04: true=+39  estimated=+39.8  error=0.8
INFO       cam05: true=+5  estimated=+5.0  error=0.0
INFO       cam10: true=+0  estimated=+0.0  error=0.0
INFO       cam13: true=+69  estimated=+69.2  error=0.2
INFO       MAE=0.25
INFO  
  ── Trial 7/10  true shifts: {'cam04': 0, 'cam05': -12, 'cam10': 9, 'cam13': 20}  end_cuts: {'cam04': 40, 'cam05': 2, 'cam10': 9, 'cam13': 12}
INFO    shift_spread=32
INFO       cam04: true=+12  estimated=+12.8  error=0.8
INFO       cam05: true=+0  estimated=+0.0  error=0.0
INFO       cam10: true=+21  estimated=+21.0  error=0.0
INFO       cam13: true=+32  estimated=+32.2  error=0.2
INFO       MAE=0.25
INFO  
  ── Trial 8/10  true shifts: {'cam04': 0, 'cam05': -17, 'cam10': 45, 'cam13': 25}  end_cuts: {'cam04': 14, 'cam05': 44, 'cam10': 22, 'cam13': 23}
INFO    shift_spread=62
INFO       cam04: true=+17  estimated=+17.8  error=0.8
INFO       cam05: true=+0  estimated=+0.0  error=0.0
INFO       cam10: true=+62  estimated=+62.0  error=0.0
INFO       cam13: true=+42  estimated=+42.2  error=0.2
INFO       MAE=0.25
INFO  
  ── Trial 9/10  true shifts: {'cam04': 0, 'cam05': -6, 'cam10': -32, 'cam13': 40}  end_cuts: {'cam04': 0, 'cam05': 8, 'cam10': 10, 'cam13': 12}
INFO    shift_spread=72
INFO       cam04: true=+32  estimated=+32.8  error=0.8
INFO       cam05: true=+26  estimated=+26.0  error=0.0
INFO       cam10: true=+0  estimated=+0.0  error=0.0
INFO       cam13: true=+72  estimated=+72.2  error=0.2
INFO       MAE=0.25
INFO  
  ── Trial 10/10  true shifts: {'cam04': 0, 'cam05': -34, 'cam10': -44, 'cam13': 16}  end_cuts: {'cam04': 44, 'cam05': 5, 'cam10': 13, 'cam13': 23}
INFO    shift_spread=60
INFO       cam04: true=+44  estimated=+44.8  error=0.8
INFO       cam05: true=+10  estimated=+10.0  error=0.0
INFO       cam10: true=+0  estimated=+0.0  error=0.0
INFO       cam13: true=+60  estimated=+60.2  error=0.2
INFO       MAE=0.25
INFO  
  SUMMARY — 03_fencing/006_fencing  (solved 10/10 trials)
INFO      Shift spread    mean=52.0  median=52.5  max=73.0
INFO      MAE (frames)    0.25
INFO      MedAE (frames)  0.21
INFO      Within 0.5fr    75.0%
INFO      Within 1fr      100.0%
INFO      Within 2fr      100.0%
INFO      AUC@100ms       83.3%
INFO      AUC@500ms       96.7%
INFO  
============================================================
INFO  Scene: 04_basketball/001_basketball
INFO    cam01: 4 person(s), T=602
INFO    cam03: 4 person(s), T=602
INFO    cam04: 4 person(s), T=602
INFO    cam08: 4 person(s), T=602
INFO    Cameras: ['cam01', 'cam03', 'cam04', 'cam08']
INFO    Persons: [1, 2, 3, 4]  (cameras observing each: {1: 4, 2: 4, 3: 4, 4: 4} of 4)
INFO  
  ── Trial 1/10  true shifts: {'cam01': 0, 'cam03': 39, 'cam04': 18, 'cam08': 24}  end_cuts: {'cam01': 26, 'cam03': 19, 'cam04': 9, 'cam08': 39}
INFO    shift_spread=39
INFO       cam01: true=+0  estimated=+0.0  error=0.0
INFO       cam03: true=+39  estimated=+39.8  error=0.8
INFO       cam04: true=+18  estimated=+18.2  error=0.2
INFO       cam08: true=+24  estimated=+24.0  error=0.0
INFO       MAE=0.25
INFO  
  ── Trial 2/10  true shifts: {'cam01': 0, 'cam03': 28, 'cam04': -43, 'cam08': 20}  end_cuts: {'cam01': 3, 'cam03': 33, 'cam04': 37, 'cam08': 6}
INFO    shift_spread=71
INFO       cam01: true=+43  estimated=+42.8  error=0.2
INFO       cam03: true=+71  estimated=+71.6  error=0.6
INFO       cam04: true=+0  estimated=+0.0  error=0.0
INFO       cam08: true=+63  estimated=+62.8  error=0.2
INFO       MAE=0.25
INFO  
  ── Trial 3/10  true shifts: {'cam01': 0, 'cam03': -6, 'cam04': -34, 'cam08': 6}  end_cuts: {'cam01': 42, 'cam03': 3, 'cam04': 18, 'cam08': 44}
INFO    shift_spread=40
INFO       cam01: true=+34  estimated=+33.8  error=0.2
INFO       cam03: true=+28  estimated=+28.6  error=0.6
INFO       cam04: true=+0  estimated=+0.0  error=0.0
INFO       cam08: true=+40  estimated=+39.8  error=0.2
INFO       MAE=0.25
INFO  
  ── Trial 4/10  true shifts: {'cam01': 0, 'cam03': -18, 'cam04': -33, 'cam08': -1}  end_cuts: {'cam01': 23, 'cam03': 30, 'cam04': 14, 'cam08': 43}
INFO    shift_spread=33
INFO       cam01: true=+33  estimated=+32.8  error=0.2
INFO       cam03: true=+15  estimated=+15.6  error=0.6
INFO       cam04: true=+0  estimated=+0.0  error=0.0
INFO       cam08: true=+32  estimated=+31.8  error=0.2
INFO       MAE=0.25
INFO  
  ── Trial 5/10  true shifts: {'cam01': 0, 'cam03': 2, 'cam04': -19, 'cam08': 42}  end_cuts: {'cam01': 42, 'cam03': 22, 'cam04': 1, 'cam08': 27}
INFO    shift_spread=61
INFO       cam01: true=+19  estimated=+18.8  error=0.2
INFO       cam03: true=+21  estimated=+21.6  error=0.6
INFO       cam04: true=+0  estimated=+0.0  error=0.0
INFO       cam08: true=+61  estimated=+60.8  error=0.2
INFO       MAE=0.25
INFO  
  ── Trial 6/10  true shifts: {'cam01': 0, 'cam03': 5, 'cam04': -32, 'cam08': 12}  end_cuts: {'cam01': 38, 'cam03': 4, 'cam04': 33, 'cam08': 6}
INFO    shift_spread=44
INFO       cam01: true=+32  estimated=+31.8  error=0.2
INFO       cam03: true=+37  estimated=+37.6  error=0.6
INFO       cam04: true=+0  estimated=+0.0  error=0.0
INFO       cam08: true=+44  estimated=+43.8  error=0.2
INFO       MAE=0.25
INFO  
  ── Trial 7/10  true shifts: {'cam01': 0, 'cam03': 23, 'cam04': -7, 'cam08': -45}  end_cuts: {'cam01': 44, 'cam03': 7, 'cam04': 27, 'cam08': 8}
INFO    shift_spread=68
INFO       cam01: true=+45  estimated=+45.0  error=0.0
INFO       cam03: true=+68  estimated=+68.8  error=0.8
INFO       cam04: true=+38  estimated=+38.2  error=0.2
INFO       cam08: true=+0  estimated=+0.0  error=0.0
INFO       MAE=0.25
INFO  
  ── Trial 8/10  true shifts: {'cam01': 0, 'cam03': 39, 'cam04': 22, 'cam08': 28}  end_cuts: {'cam01': 19, 'cam03': 21, 'cam04': 29, 'cam08': 36}
INFO    shift_spread=39
INFO       cam01: true=+0  estimated=+0.0  error=0.0
INFO       cam03: true=+39  estimated=+39.8  error=0.8
INFO       cam04: true=+22  estimated=+22.2  error=0.2
INFO       cam08: true=+28  estimated=+28.0  error=0.0
INFO       MAE=0.25
INFO  
  ── Trial 9/10  true shifts: {'cam01': 0, 'cam03': 32, 'cam04': -44, 'cam08': 15}  end_cuts: {'cam01': 5, 'cam03': 13, 'cam04': 38, 'cam08': 11}
INFO    shift_spread=76
INFO       cam01: true=+44  estimated=+43.8  error=0.2
INFO       cam03: true=+76  estimated=+76.6  error=0.6
INFO       cam04: true=+0  estimated=+0.0  error=0.0
INFO       cam08: true=+59  estimated=+58.8  error=0.2
INFO       MAE=0.25
INFO  
  ── Trial 10/10  true shifts: {'cam01': 0, 'cam03': 27, 'cam04': -3, 'cam08': -24}  end_cuts: {'cam01': 15, 'cam03': 24, 'cam04': 35, 'cam08': 27}
INFO    shift_spread=51
INFO       cam01: true=+24  estimated=+24.0  error=0.0
INFO       cam03: true=+51  estimated=+51.8  error=0.8
INFO       cam04: true=+21  estimated=+21.2  error=0.2
INFO       cam08: true=+0  estimated=+0.0  error=0.0
INFO       MAE=0.25
INFO  
  SUMMARY — 04_basketball/001_basketball  (solved 10/10 trials)
INFO      Shift spread    mean=52.2  median=47.5  max=76.0
INFO      MAE (frames)    0.25
INFO      MedAE (frames)  0.21
INFO      Within 0.5fr    75.0%
INFO      Within 1fr      100.0%
INFO      Within 2fr      100.0%
INFO      AUC@100ms       83.3%
INFO      AUC@500ms       96.7%
INFO  
============================================================
INFO  Scene: 04_basketball/011_basketball
INFO    cam01: 4 person(s), T=602
INFO    cam03: 4 person(s), T=602
INFO    cam04: 4 person(s), T=602
INFO    cam08: 4 person(s), T=602
INFO    Cameras: ['cam01', 'cam03', 'cam04', 'cam08']
INFO    Persons: [1, 2, 3, 4]  (cameras observing each: {1: 4, 2: 4, 3: 4, 4: 4} of 4)
INFO  
  ── Trial 1/10  true shifts: {'cam01': 0, 'cam03': 39, 'cam04': 33, 'cam08': 23}  end_cuts: {'cam01': 27, 'cam03': 13, 'cam04': 18, 'cam08': 5}
INFO    shift_spread=39
INFO       cam01: true=+0  estimated=+0.0  error=0.0
INFO       cam03: true=+39  estimated=+39.4  error=0.4
INFO       cam04: true=+33  estimated=+33.2  error=0.2
INFO       cam08: true=+23  estimated=+23.2  error=0.2
INFO       MAE=0.21
INFO  
  ── Trial 2/10  true shifts: {'cam01': 0, 'cam03': -11, 'cam04': 39, 'cam08': -7}  end_cuts: {'cam01': 5, 'cam03': 29, 'cam04': 44, 'cam08': 39}
INFO    shift_spread=50
INFO       cam01: true=+11  estimated=+10.2  error=0.8
INFO       cam03: true=+0  estimated=+0.0  error=0.0
INFO       cam04: true=+50  estimated=+49.4  error=0.6
INFO       cam08: true=+4  estimated=+3.2  error=0.8
INFO       MAE=0.54
INFO  
  ── Trial 3/10  true shifts: {'cam01': 0, 'cam03': -21, 'cam04': -4, 'cam08': 3}  end_cuts: {'cam01': 11, 'cam03': 12, 'cam04': 10, 'cam08': 45}
INFO    shift_spread=24
INFO       cam01: true=+21  estimated=+20.2  error=0.8
INFO       cam03: true=+0  estimated=+0.0  error=0.0
INFO       cam04: true=+17  estimated=+16.4  error=0.6
INFO       cam08: true=+24  estimated=+23.2  error=0.8
INFO       MAE=0.54
INFO  
  ── Trial 4/10  true shifts: {'cam01': 0, 'cam03': 22, 'cam04': 31, 'cam08': 29}  end_cuts: {'cam01': 44, 'cam03': 4, 'cam04': 40, 'cam08': 3}
INFO    shift_spread=31
INFO       cam01: true=+0  estimated=+0.0  error=0.0
INFO       cam03: true=+22  estimated=+22.4  error=0.4
INFO       cam04: true=+31  estimated=+31.2  error=0.2
INFO       cam08: true=+29  estimated=+29.2  error=0.2
INFO       MAE=0.21
INFO  
  ── Trial 5/10  true shifts: {'cam01': 0, 'cam03': -2, 'cam04': 9, 'cam08': -13}  end_cuts: {'cam01': 6, 'cam03': 8, 'cam04': 37, 'cam08': 14}
INFO    shift_spread=22
INFO       cam01: true=+13  estimated=+12.8  error=0.2
INFO       cam03: true=+11  estimated=+11.2  error=0.2
INFO       cam04: true=+22  estimated=+22.0  error=0.0
INFO       cam08: true=+0  estimated=+0.0  error=0.0
INFO       MAE=0.11
INFO  
  ── Trial 6/10  true shifts: {'cam01': 0, 'cam03': -17, 'cam04': 39, 'cam08': -32}  end_cuts: {'cam01': 42, 'cam03': 42, 'cam04': 27, 'cam08': 7}
INFO    shift_spread=71
INFO       cam01: true=+32  estimated=+32.0  error=0.0
INFO       cam03: true=+15  estimated=+15.8  error=0.8
INFO       cam04: true=+71  estimated=+71.2  error=0.2
INFO       cam08: true=+0  estimated=+0.0  error=0.0
INFO       MAE=0.25
INFO  
  ── Trial 7/10  true shifts: {'cam01': 0, 'cam03': -31, 'cam04': -20, 'cam08': 7}  end_cuts: {'cam01': 7, 'cam03': 20, 'cam04': 5, 'cam08': 24}
INFO    shift_spread=38
INFO       cam01: true=+31  estimated=+30.6  error=0.4
INFO       cam03: true=+0  estimated=+0.0  error=0.0
INFO       cam04: true=+11  estimated=+10.8  error=0.2
INFO       cam08: true=+38  estimated=+37.8  error=0.2
INFO       MAE=0.21
INFO  
  ── Trial 8/10  true shifts: {'cam01': 0, 'cam03': -44, 'cam04': 19, 'cam08': -40}  end_cuts: {'cam01': 8, 'cam03': 8, 'cam04': 38, 'cam08': 2}
INFO    shift_spread=63
INFO       cam01: true=+44  estimated=+43.2  error=0.8
INFO       cam03: true=+0  estimated=+0.0  error=0.0
INFO       cam04: true=+63  estimated=+62.4  error=0.6
INFO       cam08: true=+4  estimated=+3.2  error=0.8
INFO       MAE=0.54
INFO  
  ── Trial 9/10  true shifts: {'cam01': 0, 'cam03': -6, 'cam04': 8, 'cam08': 1}  end_cuts: {'cam01': 31, 'cam03': 36, 'cam04': 18, 'cam08': 38}
INFO    shift_spread=14
INFO       cam01: true=+6  estimated=+5.6  error=0.4
INFO       cam03: true=+0  estimated=+0.0  error=0.0
INFO       cam04: true=+14  estimated=+13.8  error=0.2
INFO       cam08: true=+7  estimated=+6.8  error=0.2
INFO       MAE=0.21
INFO  
  ── Trial 10/10  true shifts: {'cam01': 0, 'cam03': -17, 'cam04': 44, 'cam08': 0}  end_cuts: {'cam01': 33, 'cam03': 40, 'cam04': 36, 'cam08': 39}
INFO    shift_spread=61
INFO       cam01: true=+17  estimated=+16.2  error=0.8
INFO       cam03: true=+0  estimated=+0.0  error=0.0
INFO       cam04: true=+61  estimated=+60.4  error=0.6
INFO       cam08: true=+17  estimated=+16.2  error=0.8
INFO       MAE=0.54
INFO  
  SUMMARY — 04_basketball/011_basketball  (solved 10/10 trials)
INFO      Shift spread    mean=41.3  median=38.5  max=71.0
INFO      MAE (frames)    0.34
INFO      MedAE (frames)  0.21
INFO      Within 0.5fr    67.5%
INFO      Within 1fr      100.0%
INFO      Within 2fr      100.0%
INFO      AUC@100ms       77.6%
INFO      AUC@500ms       95.5%
INFO  
============================================================
INFO  Scene: 05_volleyball/004_volleyball
INFO    cam02: 4 person(s), T=602
INFO    cam04: 4 person(s), T=602
INFO    cam08: 4 person(s), T=602
INFO    cam11: 4 person(s), T=602
INFO    Cameras: ['cam02', 'cam04', 'cam08', 'cam11']
INFO    Persons: [1, 2, 3, 4]  (cameras observing each: {1: 4, 2: 4, 3: 4, 4: 4} of 4)
INFO  
  ── Trial 1/10  true shifts: {'cam02': 0, 'cam04': 3, 'cam08': -42, 'cam11': -1}  end_cuts: {'cam02': 8, 'cam04': 40, 'cam08': 10, 'cam11': 10}
INFO    shift_spread=45
INFO       cam02: true=+42  estimated=+41.0  error=1.0
INFO       cam04: true=+45  estimated=+44.2  error=0.8
INFO       cam08: true=+0  estimated=+0.0  error=0.0
INFO       cam11: true=+41  estimated=+40.8  error=0.2
INFO       MAE=0.50
INFO  
  ── Trial 2/10  true shifts: {'cam02': 0, 'cam04': -23, 'cam08': 13, 'cam11': 6}  end_cuts: {'cam02': 43, 'cam04': 19, 'cam08': 12, 'cam11': 2}
INFO    shift_spread=36
INFO       cam02: true=+23  estimated=+22.8  error=0.2
INFO       cam04: true=+0  estimated=+0.0  error=0.0
INFO       cam08: true=+36  estimated=+36.8  error=0.8
INFO       cam11: true=+29  estimated=+29.6  error=0.6
INFO       MAE=0.39
INFO  
  ── Trial 3/10  true shifts: {'cam02': 0, 'cam04': -45, 'cam08': -12, 'cam11': 39}  end_cuts: {'cam02': 24, 'cam04': 41, 'cam08': 4, 'cam11': 4}
INFO    shift_spread=84
INFO       cam02: true=+45  estimated=+44.8  error=0.2
INFO       cam04: true=+0  estimated=+0.0  error=0.0
INFO       cam08: true=+33  estimated=+33.8  error=0.8
INFO       cam11: true=+84  estimated=+84.6  error=0.6
INFO       MAE=0.39
INFO  
  ── Trial 4/10  true shifts: {'cam02': 0, 'cam04': 30, 'cam08': -36, 'cam11': -41}  end_cuts: {'cam02': 18, 'cam04': 42, 'cam08': 31, 'cam11': 4}
INFO    shift_spread=71
INFO       cam02: true=+41  estimated=+40.2  error=0.8
INFO       cam04: true=+71  estimated=+70.4  error=0.6
INFO       cam08: true=+5  estimated=+5.2  error=0.2
INFO       cam11: true=+0  estimated=+0.0  error=0.0
INFO       MAE=0.39
INFO  
  ── Trial 5/10  true shifts: {'cam02': 0, 'cam04': 31, 'cam08': 31, 'cam11': 27}  end_cuts: {'cam02': 41, 'cam04': 11, 'cam08': 45, 'cam11': 14}
INFO    shift_spread=31
INFO       cam02: true=+0  estimated=+0.0  error=0.0
INFO       cam04: true=+31  estimated=+31.2  error=0.2
INFO       cam08: true=+31  estimated=+32.0  error=1.0
INFO       cam11: true=+27  estimated=+27.8  error=0.8
INFO       MAE=0.50
INFO  
  ── Trial 6/10  true shifts: {'cam02': 0, 'cam04': 27, 'cam08': 7, 'cam11': 25}  end_cuts: {'cam02': 28, 'cam04': 29, 'cam08': 28, 'cam11': 35}
INFO    shift_spread=27
INFO       cam02: true=+0  estimated=+0.0  error=0.0
INFO       cam04: true=+27  estimated=+27.2  error=0.2
INFO       cam08: true=+7  estimated=+8.0  error=1.0
INFO       cam11: true=+25  estimated=+25.8  error=0.8
INFO       MAE=0.50
INFO  
  ── Trial 7/10  true shifts: {'cam02': 0, 'cam04': 22, 'cam08': -33, 'cam11': 30}  end_cuts: {'cam02': 24, 'cam04': 14, 'cam08': 23, 'cam11': 44}
INFO    shift_spread=63
INFO       cam02: true=+33  estimated=+32.0  error=1.0
INFO       cam04: true=+55  estimated=+54.2  error=0.8
INFO       cam08: true=+0  estimated=+0.0  error=0.0
INFO       cam11: true=+63  estimated=+62.8  error=0.2
INFO       MAE=0.50
INFO  
  ── Trial 8/10  true shifts: {'cam02': 0, 'cam04': 33, 'cam08': 30, 'cam11': -3}  end_cuts: {'cam02': 36, 'cam04': 17, 'cam08': 31, 'cam11': 29}
INFO    shift_spread=36
INFO       cam02: true=+3  estimated=+2.2  error=0.8
INFO       cam04: true=+36  estimated=+35.4  error=0.6
INFO       cam08: true=+33  estimated=+33.2  error=0.2
INFO       cam11: true=+0  estimated=+0.0  error=0.0
INFO       MAE=0.39
INFO  
  ── Trial 9/10  true shifts: {'cam02': 0, 'cam04': -23, 'cam08': -21, 'cam11': -40}  end_cuts: {'cam02': 6, 'cam04': 19, 'cam08': 21, 'cam11': 7}
INFO    shift_spread=40
INFO       cam02: true=+40  estimated=+39.2  error=0.8
INFO       cam04: true=+17  estimated=+16.4  error=0.6
INFO       cam08: true=+19  estimated=+19.2  error=0.2
INFO       cam11: true=+0  estimated=+0.0  error=0.0
INFO       MAE=0.39
INFO  
  ── Trial 10/10  true shifts: {'cam02': 0, 'cam04': -8, 'cam08': 9, 'cam11': -24}  end_cuts: {'cam02': 15, 'cam04': 16, 'cam08': 23, 'cam11': 16}
INFO    shift_spread=33
INFO       cam02: true=+24  estimated=+23.2  error=0.8
INFO       cam04: true=+16  estimated=+15.4  error=0.6
INFO       cam08: true=+33  estimated=+33.2  error=0.2
INFO       cam11: true=+0  estimated=+0.0  error=0.0
INFO       MAE=0.39
INFO  
  SUMMARY — 05_volleyball/004_volleyball  (solved 10/10 trials)
INFO      Shift spread    mean=46.6  median=38.0  max=84.0
INFO      MAE (frames)    0.44
INFO      MedAE (frames)  0.39
INFO      Within 0.5fr    50.0%
INFO      Within 1fr      95.0%
INFO      Within 2fr      100.0%
INFO      AUC@100ms       71.0%
INFO      AUC@500ms       94.2%
INFO  
============================================================
INFO  Scene: 05_volleyball/011_volleyball
INFO    cam02: 4 person(s), T=602
INFO    cam04: 3 person(s), T=602
INFO    cam08: 4 person(s), T=602
INFO    cam11: 4 person(s), T=602
INFO    Cameras: ['cam02', 'cam04', 'cam08', 'cam11']
INFO    Persons: [1, 2, 3, 4]  (cameras observing each: {1: 3, 2: 4, 3: 4, 4: 4} of 4)
INFO    Person(s) [1] zero-padded where unobserved — they score only the pairs whose two cameras both see them
INFO  
  ── Trial 1/10  true shifts: {'cam02': 0, 'cam04': 22, 'cam08': -16, 'cam11': -6}  end_cuts: {'cam02': 17, 'cam04': 8, 'cam08': 31, 'cam11': 10}
INFO    shift_spread=38
INFO       cam02: true=+16  estimated=+14.8  error=1.2
INFO       cam04: true=+38  estimated=+37.6  error=0.4
INFO       cam08: true=+0  estimated=+0.0  error=0.0
INFO       cam11: true=+10  estimated=+9.8  error=0.2
INFO       MAE=0.46
INFO  
  ── Trial 2/10  true shifts: {'cam02': 0, 'cam04': -18, 'cam08': 27, 'cam11': 41}  end_cuts: {'cam02': 30, 'cam04': 42, 'cam08': 39, 'cam11': 22}
INFO    shift_spread=59
INFO       cam02: true=+18  estimated=+17.2  error=0.8
INFO       cam04: true=+0  estimated=+0.0  error=0.0
INFO       cam08: true=+45  estimated=+45.4  error=0.4
INFO       cam11: true=+59  estimated=+59.2  error=0.2
INFO       MAE=0.36
INFO  
  ── Trial 3/10  true shifts: {'cam02': 0, 'cam04': 25, 'cam08': -16, 'cam11': -4}  end_cuts: {'cam02': 24, 'cam04': 44, 'cam08': 39, 'cam11': 22}
INFO    shift_spread=41
INFO       cam02: true=+16  estimated=+14.8  error=1.2
INFO       cam04: true=+41  estimated=+40.6  error=0.4
INFO       cam08: true=+0  estimated=+0.0  error=0.0
INFO       cam11: true=+12  estimated=+11.8  error=0.2
INFO       MAE=0.46
INFO  
  ── Trial 4/10  true shifts: {'cam02': 0, 'cam04': 14, 'cam08': -27, 'cam11': 28}  end_cuts: {'cam02': 25, 'cam04': 24, 'cam08': 35, 'cam11': 29}
INFO    shift_spread=55
INFO       cam02: true=+27  estimated=+25.8  error=1.2
INFO       cam04: true=+41  estimated=+40.6  error=0.4
INFO       cam08: true=+0  estimated=+0.0  error=0.0
INFO       cam11: true=+55  estimated=+54.8  error=0.2
INFO       MAE=0.46
INFO  
  ── Trial 5/10  true shifts: {'cam02': 0, 'cam04': -39, 'cam08': -19, 'cam11': -29}  end_cuts: {'cam02': 33, 'cam04': 1, 'cam08': 9, 'cam11': 27}
INFO    shift_spread=39
INFO       cam02: true=+39  estimated=+38.2  error=0.8
INFO       cam04: true=+0  estimated=+0.0  error=0.0
INFO       cam08: true=+20  estimated=+20.4  error=0.4
INFO       cam11: true=+10  estimated=+10.2  error=0.2
INFO       MAE=0.36
INFO  
  ── Trial 6/10  true shifts: {'cam02': 0, 'cam04': 18, 'cam08': 0, 'cam11': 33}  end_cuts: {'cam02': 42, 'cam04': 6, 'cam08': 43, 'cam11': 28}
INFO    shift_spread=33
INFO       cam02: true=+0  estimated=+0.0  error=0.0
INFO       cam04: true=+18  estimated=+18.8  error=0.8
INFO       cam08: true=+0  estimated=+1.2  error=1.2
INFO       cam11: true=+33  estimated=+34.0  error=1.0
INFO       MAE=0.75
INFO  
  ── Trial 7/10  true shifts: {'cam02': 0, 'cam04': 12, 'cam08': -37, 'cam11': 11}  end_cuts: {'cam02': 33, 'cam04': 26, 'cam08': 3, 'cam11': 24}
INFO    shift_spread=49
INFO       cam02: true=+37  estimated=+35.8  error=1.2
INFO       cam04: true=+49  estimated=+48.6  error=0.4
INFO       cam08: true=+0  estimated=+0.0  error=0.0
INFO       cam11: true=+48  estimated=+47.8  error=0.2
INFO       MAE=0.46
INFO  
  ── Trial 8/10  true shifts: {'cam02': 0, 'cam04': 40, 'cam08': 20, 'cam11': -33}  end_cuts: {'cam02': 44, 'cam04': 44, 'cam08': 7, 'cam11': 36}
INFO    shift_spread=73
INFO       cam02: true=+33  estimated=+32.0  error=1.0
INFO       cam04: true=+73  estimated=+72.8  error=0.2
INFO       cam08: true=+53  estimated=+53.2  error=0.2
INFO       cam11: true=+0  estimated=+0.0  error=0.0
INFO       MAE=0.36
INFO  
  ── Trial 9/10  true shifts: {'cam02': 0, 'cam04': -8, 'cam08': 9, 'cam11': -5}  end_cuts: {'cam02': 36, 'cam04': 45, 'cam08': 36, 'cam11': 42}
INFO    shift_spread=17
INFO       cam02: true=+8  estimated=+7.2  error=0.8
INFO       cam04: true=+0  estimated=+0.0  error=0.0
INFO       cam08: true=+17  estimated=+17.4  error=0.4
INFO       cam11: true=+3  estimated=+3.2  error=0.2
INFO       MAE=0.36
INFO  
  ── Trial 10/10  true shifts: {'cam02': 0, 'cam04': 41, 'cam08': -37, 'cam11': -22}  end_cuts: {'cam02': 33, 'cam04': 27, 'cam08': 2, 'cam11': 4}
INFO    shift_spread=78
INFO       cam02: true=+37  estimated=+35.8  error=1.2
INFO       cam04: true=+78  estimated=+77.6  error=0.4
INFO       cam08: true=+0  estimated=+0.0  error=0.0
INFO       cam11: true=+15  estimated=+14.8  error=0.2
INFO       MAE=0.46
INFO  
  SUMMARY — 05_volleyball/011_volleyball  (solved 10/10 trials)
INFO      Shift spread    mean=48.2  median=45.0  max=78.0
INFO      MAE (frames)    0.45
INFO      MedAE (frames)  0.32
INFO      Within 0.5fr    70.0%
INFO      Within 1fr      85.0%
INFO      Within 2fr      100.0%
INFO      AUC@100ms       70.0%
INFO      AUC@500ms       94.0%
INFO  
============================================================
INFO  Scene: 06_badminton/022_badminton
INFO    cam01: 4 person(s), T=692
INFO    cam02: 4 person(s), T=702
INFO    cam05: 4 person(s), T=702
INFO    cam07: 4 person(s), T=702
INFO    Cameras: ['cam01', 'cam02', 'cam05', 'cam07']
INFO    Persons: [1, 2, 3, 4]  (cameras observing each: {1: 4, 2: 4, 3: 4, 4: 4} of 4)
INFO  
  ── Trial 1/10  true shifts: {'cam01': 0, 'cam02': 2, 'cam05': 11, 'cam07': -30}  end_cuts: {'cam01': 7, 'cam02': 5, 'cam05': 25, 'cam07': 0}
INFO    shift_spread=41
INFO       cam01: true=+30  estimated=+30.0  error=0.0
INFO       cam02: true=+32  estimated=+32.2  error=0.2
INFO       cam05: true=+41  estimated=+40.8  error=0.2
INFO       cam07: true=+0  estimated=+0.0  error=0.0
INFO       MAE=0.11
INFO  
  ── Trial 2/10  true shifts: {'cam01': 0, 'cam02': 7, 'cam05': -2, 'cam07': -3}  end_cuts: {'cam01': 31, 'cam02': 24, 'cam05': 33, 'cam07': 35}
INFO    shift_spread=10
INFO       cam01: true=+3  estimated=+3.0  error=0.0
INFO       cam02: true=+10  estimated=+10.2  error=0.2
INFO       cam05: true=+1  estimated=+0.8  error=0.2
INFO       cam07: true=+0  estimated=+0.0  error=0.0
INFO       MAE=0.11
INFO  
  ── Trial 3/10  true shifts: {'cam01': 0, 'cam02': 38, 'cam05': 27, 'cam07': 2}  end_cuts: {'cam01': 22, 'cam02': 10, 'cam05': 27, 'cam07': 6}
INFO    shift_spread=38
INFO       cam01: true=+0  estimated=+0.0  error=0.0
INFO       cam02: true=+38  estimated=+38.2  error=0.2
INFO       cam05: true=+27  estimated=+26.8  error=0.2
INFO       cam07: true=+2  estimated=+2.0  error=0.0
INFO       MAE=0.11
INFO  
  ── Trial 4/10  true shifts: {'cam01': 0, 'cam02': 39, 'cam05': 31, 'cam07': -35}  end_cuts: {'cam01': 36, 'cam02': 5, 'cam05': 33, 'cam07': 4}
INFO    shift_spread=74
INFO       cam01: true=+35  estimated=+35.0  error=0.0
INFO       cam02: true=+74  estimated=+74.2  error=0.2
INFO       cam05: true=+66  estimated=+65.8  error=0.2
INFO       cam07: true=+0  estimated=+0.0  error=0.0
INFO       MAE=0.11
INFO  
  ── Trial 5/10  true shifts: {'cam01': 0, 'cam02': -1, 'cam05': 14, 'cam07': 21}  end_cuts: {'cam01': 19, 'cam02': 42, 'cam05': 35, 'cam07': 9}
INFO    shift_spread=22
INFO       cam01: true=+1  estimated=+0.8  error=0.2
INFO       cam02: true=+0  estimated=+0.0  error=0.0
INFO       cam05: true=+15  estimated=+14.6  error=0.4
INFO       cam07: true=+22  estimated=+21.8  error=0.2
INFO       MAE=0.21
INFO  
  ── Trial 6/10  true shifts: {'cam01': 0, 'cam02': 16, 'cam05': 21, 'cam07': -15}  end_cuts: {'cam01': 33, 'cam02': 41, 'cam05': 37, 'cam07': 35}
INFO    shift_spread=36
INFO       cam01: true=+15  estimated=+15.0  error=0.0
INFO       cam02: true=+31  estimated=+31.2  error=0.2
INFO       cam05: true=+36  estimated=+35.8  error=0.2
INFO       cam07: true=+0  estimated=+0.0  error=0.0
INFO       MAE=0.11
INFO  
  ── Trial 7/10  true shifts: {'cam01': 0, 'cam02': 12, 'cam05': -21, 'cam07': 27}  end_cuts: {'cam01': 16, 'cam02': 24, 'cam05': 14, 'cam07': 14}
INFO    shift_spread=48
INFO       cam01: true=+21  estimated=+21.2  error=0.2
INFO       cam02: true=+33  estimated=+33.4  error=0.4
INFO       cam05: true=+0  estimated=+0.0  error=0.0
INFO       cam07: true=+48  estimated=+48.2  error=0.2
INFO       MAE=0.21
INFO  
  ── Trial 8/10  true shifts: {'cam01': 0, 'cam02': -31, 'cam05': 42, 'cam07': -32}  end_cuts: {'cam01': 3, 'cam02': 43, 'cam05': 25, 'cam07': 20}
INFO    shift_spread=74
INFO       cam01: true=+32  estimated=+32.0  error=0.0
INFO       cam02: true=+1  estimated=+1.2  error=0.2
INFO       cam05: true=+74  estimated=+73.8  error=0.2
INFO       cam07: true=+0  estimated=+0.0  error=0.0
INFO       MAE=0.11
INFO  
  ── Trial 9/10  true shifts: {'cam01': 0, 'cam02': 22, 'cam05': -11, 'cam07': -34}  end_cuts: {'cam01': 33, 'cam02': 8, 'cam05': 25, 'cam07': 43}
INFO    shift_spread=56
INFO       cam01: true=+34  estimated=+34.0  error=0.0
INFO       cam02: true=+56  estimated=+56.2  error=0.2
INFO       cam05: true=+23  estimated=+22.8  error=0.2
INFO       cam07: true=+0  estimated=+0.0  error=0.0
INFO       MAE=0.11
INFO  
  ── Trial 10/10  true shifts: {'cam01': 0, 'cam02': 40, 'cam05': -13, 'cam07': 26}  end_cuts: {'cam01': 28, 'cam02': 22, 'cam05': 6, 'cam07': 17}
INFO    shift_spread=53
INFO       cam01: true=+13  estimated=+13.2  error=0.2
INFO       cam02: true=+53  estimated=+53.4  error=0.4
INFO       cam05: true=+0  estimated=+0.0  error=0.0
INFO       cam07: true=+39  estimated=+39.2  error=0.2
INFO       MAE=0.21
INFO  
  SUMMARY — 06_badminton/022_badminton  (solved 10/10 trials)
INFO      Shift spread    mean=45.2  median=44.5  max=74.0
INFO      MAE (frames)    0.14
INFO      MedAE (frames)  0.21
INFO      Within 0.5fr    100.0%
INFO      Within 1fr      100.0%
INFO      Within 2fr      100.0%
INFO      AUC@100ms       90.7%
INFO      AUC@500ms       98.1%
INFO  
============================================================
INFO  Scene: 06_badminton/031_badminton
INFO    cam01: 4 person(s), T=802
INFO    cam02: 4 person(s), T=802
INFO    cam05: 4 person(s), T=802
INFO    cam07: 4 person(s), T=802
INFO    Cameras: ['cam01', 'cam02', 'cam05', 'cam07']
INFO    Persons: [1, 2, 3, 4]  (cameras observing each: {1: 4, 2: 4, 3: 4, 4: 4} of 4)
INFO  
  ── Trial 1/10  true shifts: {'cam01': 0, 'cam02': 14, 'cam05': 44, 'cam07': -45}  end_cuts: {'cam01': 33, 'cam02': 38, 'cam05': 43, 'cam07': 19}
INFO    shift_spread=89
INFO       cam01: true=+45  estimated=+45.0  error=0.0
INFO       cam02: true=+59  estimated=+60.0  error=1.0
INFO       cam05: true=+89  estimated=+89.0  error=0.0
INFO       cam07: true=+0  estimated=+0.0  error=0.0
INFO       MAE=0.25
INFO  
  ── Trial 2/10  true shifts: {'cam01': 0, 'cam02': -35, 'cam05': -21, 'cam07': 32}  end_cuts: {'cam01': 40, 'cam02': 29, 'cam05': 5, 'cam07': 5}
INFO    shift_spread=67
INFO       cam01: true=+35  estimated=+34.0  error=1.0
INFO       cam02: true=+0  estimated=+0.0  error=0.0
INFO       cam05: true=+14  estimated=+13.0  error=1.0
INFO       cam07: true=+67  estimated=+66.0  error=1.0
INFO       MAE=0.75
INFO  
  ── Trial 3/10  true shifts: {'cam01': 0, 'cam02': -2, 'cam05': 8, 'cam07': -43}  end_cuts: {'cam01': 31, 'cam02': 25, 'cam05': 0, 'cam07': 4}
INFO    shift_spread=51
INFO       cam01: true=+43  estimated=+43.0  error=0.0
INFO       cam02: true=+41  estimated=+42.0  error=1.0
INFO       cam05: true=+51  estimated=+51.0  error=0.0
INFO       cam07: true=+0  estimated=+0.0  error=0.0
INFO       MAE=0.25
INFO  
  ── Trial 4/10  true shifts: {'cam01': 0, 'cam02': -4, 'cam05': 20, 'cam07': 30}  end_cuts: {'cam01': 19, 'cam02': 13, 'cam05': 44, 'cam07': 21}
INFO    shift_spread=34
INFO       cam01: true=+4  estimated=+3.0  error=1.0
INFO       cam02: true=+0  estimated=+0.0  error=0.0
INFO       cam05: true=+24  estimated=+23.0  error=1.0
INFO       cam07: true=+34  estimated=+33.0  error=1.0
INFO       MAE=0.75
INFO  
  ── Trial 5/10  true shifts: {'cam01': 0, 'cam02': -17, 'cam05': -5, 'cam07': -44}  end_cuts: {'cam01': 13, 'cam02': 23, 'cam05': 42, 'cam07': 33}
INFO    shift_spread=44
INFO       cam01: true=+44  estimated=+44.0  error=0.0
INFO       cam02: true=+27  estimated=+28.0  error=1.0
INFO       cam05: true=+39  estimated=+39.0  error=0.0
INFO       cam07: true=+0  estimated=+0.0  error=0.0
INFO       MAE=0.25
INFO  
  ── Trial 6/10  true shifts: {'cam01': 0, 'cam02': 26, 'cam05': 4, 'cam07': -35}  end_cuts: {'cam01': 17, 'cam02': 45, 'cam05': 2, 'cam07': 40}
INFO    shift_spread=61
INFO       cam01: true=+35  estimated=+35.0  error=0.0
INFO       cam02: true=+61  estimated=+62.0  error=1.0
INFO       cam05: true=+39  estimated=+39.0  error=0.0
INFO       cam07: true=+0  estimated=+0.0  error=0.0
INFO       MAE=0.25
INFO  
  ── Trial 7/10  true shifts: {'cam01': 0, 'cam02': 17, 'cam05': -20, 'cam07': 25}  end_cuts: {'cam01': 38, 'cam02': 1, 'cam05': 4, 'cam07': 30}
INFO    shift_spread=45
INFO       cam01: true=+20  estimated=+20.0  error=0.0
INFO       cam02: true=+37  estimated=+38.0  error=1.0
INFO       cam05: true=+0  estimated=+0.0  error=0.0
INFO       cam07: true=+45  estimated=+45.0  error=0.0
INFO       MAE=0.25
INFO  
  ── Trial 8/10  true shifts: {'cam01': 0, 'cam02': 45, 'cam05': -43, 'cam07': 15}  end_cuts: {'cam01': 6, 'cam02': 29, 'cam05': 28, 'cam07': 4}
INFO    shift_spread=88
INFO       cam01: true=+43  estimated=+43.0  error=0.0
INFO       cam02: true=+88  estimated=+89.0  error=1.0
INFO       cam05: true=+0  estimated=+0.0  error=0.0
INFO       cam07: true=+58  estimated=+58.0  error=0.0
INFO       MAE=0.25
INFO  
  ── Trial 9/10  true shifts: {'cam01': 0, 'cam02': 16, 'cam05': 36, 'cam07': 33}  end_cuts: {'cam01': 1, 'cam02': 11, 'cam05': 11, 'cam07': 20}
INFO    shift_spread=36
INFO       cam01: true=+0  estimated=+0.0  error=0.0
INFO       cam02: true=+16  estimated=+17.0  error=1.0
INFO       cam05: true=+36  estimated=+36.0  error=0.0
INFO       cam07: true=+33  estimated=+33.0  error=0.0
INFO       MAE=0.25
INFO  
  ── Trial 10/10  true shifts: {'cam01': 0, 'cam02': -32, 'cam05': 32, 'cam07': 25}  end_cuts: {'cam01': 37, 'cam02': 9, 'cam05': 0, 'cam07': 41}
INFO    shift_spread=64
INFO       cam01: true=+32  estimated=+31.0  error=1.0
INFO       cam02: true=+0  estimated=+0.0  error=0.0
INFO       cam05: true=+64  estimated=+63.0  error=1.0
INFO       cam07: true=+57  estimated=+56.0  error=1.0
INFO       MAE=0.75
INFO  
  SUMMARY — 06_badminton/031_badminton  (solved 10/10 trials)
INFO      Shift spread    mean=57.9  median=56.0  max=89.0
INFO      MAE (frames)    0.40
INFO      MedAE (frames)  0.00
INFO      Within 0.5fr    60.0%
INFO      Within 1fr      87.5%
INFO      Within 2fr      100.0%
INFO      AUC@100ms       73.3%
INFO      AUC@500ms       94.7%
INFO  
============================================================
INFO  Scene: 07_tennis/007_tennis
INFO    cam04: 2 person(s), T=1552
INFO    cam09: 2 person(s), T=1552
INFO    cam12: 2 person(s), T=1552
INFO    cam20: 2 person(s), T=1552
INFO    Cameras: ['cam04', 'cam09', 'cam12', 'cam20']
INFO    Persons: [1, 2]  (cameras observing each: {1: 4, 2: 4} of 4)
INFO  
  ── Trial 1/10  true shifts: {'cam04': 0, 'cam09': -19, 'cam12': 14, 'cam20': 37}  end_cuts: {'cam04': 1, 'cam09': 0, 'cam12': 0, 'cam20': 7}
INFO    shift_spread=56
INFO       cam04: true=+19  estimated=+19.0  error=0.0
INFO       cam09: true=+0  estimated=+0.0  error=0.0
INFO       cam12: true=+33  estimated=+33.0  error=0.0
INFO       cam20: true=+56  estimated=+56.0  error=0.0
INFO       MAE=0.00
INFO  
  ── Trial 2/10  true shifts: {'cam04': 0, 'cam09': -41, 'cam12': 29, 'cam20': 10}  end_cuts: {'cam04': 45, 'cam09': 36, 'cam12': 44, 'cam20': 10}
INFO    shift_spread=70
INFO       cam04: true=+41  estimated=+41.0  error=0.0
INFO       cam09: true=+0  estimated=+0.0  error=0.0
INFO       cam12: true=+70  estimated=+70.0  error=0.0
INFO       cam20: true=+51  estimated=+51.0  error=0.0
INFO       MAE=0.00
INFO  
  ── Trial 3/10  true shifts: {'cam04': 0, 'cam09': -19, 'cam12': 32, 'cam20': -23}  end_cuts: {'cam04': 2, 'cam09': 30, 'cam12': 36, 'cam20': 44}
INFO    shift_spread=55
INFO       cam04: true=+23  estimated=+23.0  error=0.0
INFO       cam09: true=+4  estimated=+4.0  error=0.0
INFO       cam12: true=+55  estimated=+55.0  error=0.0
INFO       cam20: true=+0  estimated=+0.0  error=0.0
INFO       MAE=0.00
INFO  
  ── Trial 4/10  true shifts: {'cam04': 0, 'cam09': 39, 'cam12': -35, 'cam20': 25}  end_cuts: {'cam04': 38, 'cam09': 32, 'cam12': 37, 'cam20': 38}
INFO    shift_spread=74
INFO       cam04: true=+35  estimated=+35.0  error=0.0
INFO       cam09: true=+74  estimated=+74.0  error=0.0
INFO       cam12: true=+0  estimated=+0.0  error=0.0
INFO       cam20: true=+60  estimated=+60.0  error=0.0
INFO       MAE=0.00
INFO  
  ── Trial 5/10  true shifts: {'cam04': 0, 'cam09': -5, 'cam12': -42, 'cam20': -4}  end_cuts: {'cam04': 9, 'cam09': 5, 'cam12': 5, 'cam20': 32}
INFO    shift_spread=42
INFO       cam04: true=+42  estimated=+42.0  error=0.0
INFO       cam09: true=+37  estimated=+37.0  error=0.0
INFO       cam12: true=+0  estimated=+0.0  error=0.0
INFO       cam20: true=+38  estimated=+38.0  error=0.0
INFO       MAE=0.00
INFO  
  ── Trial 6/10  true shifts: {'cam04': 0, 'cam09': 0, 'cam12': 4, 'cam20': 22}  end_cuts: {'cam04': 25, 'cam09': 28, 'cam12': 3, 'cam20': 39}
INFO    shift_spread=22
INFO       cam04: true=+0  estimated=+0.0  error=0.0
INFO       cam09: true=+0  estimated=+0.0  error=0.0
INFO       cam12: true=+4  estimated=+4.0  error=0.0
INFO       cam20: true=+22  estimated=+22.0  error=0.0
INFO       MAE=0.00
INFO  
  ── Trial 7/10  true shifts: {'cam04': 0, 'cam09': -5, 'cam12': -31, 'cam20': 29}  end_cuts: {'cam04': 33, 'cam09': 2, 'cam12': 8, 'cam20': 0}
INFO    shift_spread=60
INFO       cam04: true=+31  estimated=+31.0  error=0.0
INFO       cam09: true=+26  estimated=+26.0  error=0.0
INFO       cam12: true=+0  estimated=+0.0  error=0.0
INFO       cam20: true=+60  estimated=+60.0  error=0.0
INFO       MAE=0.00
INFO  
  ── Trial 8/10  true shifts: {'cam04': 0, 'cam09': -21, 'cam12': -36, 'cam20': 19}  end_cuts: {'cam04': 24, 'cam09': 45, 'cam12': 34, 'cam20': 28}
INFO    shift_spread=55
INFO       cam04: true=+36  estimated=+36.0  error=0.0
INFO       cam09: true=+15  estimated=+15.0  error=0.0
INFO       cam12: true=+0  estimated=+0.0  error=0.0
INFO       cam20: true=+55  estimated=+55.0  error=0.0
INFO       MAE=0.00
INFO  
  ── Trial 9/10  true shifts: {'cam04': 0, 'cam09': 1, 'cam12': -41, 'cam20': -39}  end_cuts: {'cam04': 28, 'cam09': 0, 'cam12': 1, 'cam20': 10}
INFO    shift_spread=42
INFO       cam04: true=+41  estimated=+41.0  error=0.0
INFO       cam09: true=+42  estimated=+42.0  error=0.0
INFO       cam12: true=+0  estimated=+0.0  error=0.0
INFO       cam20: true=+2  estimated=+2.0  error=0.0
INFO       MAE=0.00
INFO  
  ── Trial 10/10  true shifts: {'cam04': 0, 'cam09': 35, 'cam12': -4, 'cam20': 19}  end_cuts: {'cam04': 18, 'cam09': 7, 'cam12': 17, 'cam20': 4}
INFO    shift_spread=39
INFO       cam04: true=+4  estimated=+4.0  error=0.0
INFO       cam09: true=+39  estimated=+39.0  error=0.0
INFO       cam12: true=+0  estimated=+0.0  error=0.0
INFO       cam20: true=+23  estimated=+23.0  error=0.0
INFO       MAE=0.00
INFO  
  SUMMARY — 07_tennis/007_tennis  (solved 10/10 trials)
INFO      Shift spread    mean=51.5  median=55.0  max=74.0
INFO      MAE (frames)    0.00
INFO      MedAE (frames)  0.00
INFO      Within 0.5fr    100.0%
INFO      Within 1fr      100.0%
INFO      Within 2fr      100.0%
INFO      AUC@100ms       100.0%
INFO      AUC@500ms       100.0%
INFO  
============================================================
INFO  Scene: 07_tennis/012_tennis
INFO    cam04: 2 person(s), T=1302
INFO    cam09: 2 person(s), T=1302
INFO    cam12: 2 person(s), T=1302
INFO    cam20: 2 person(s), T=1302
INFO    Cameras: ['cam04', 'cam09', 'cam12', 'cam20']
INFO    Persons: [1, 2]  (cameras observing each: {1: 4, 2: 4} of 4)
INFO  
  ── Trial 1/10  true shifts: {'cam04': 0, 'cam09': 25, 'cam12': -29, 'cam20': -11}  end_cuts: {'cam04': 45, 'cam09': 27, 'cam12': 21, 'cam20': 24}
INFO    shift_spread=54
INFO       cam04: true=+29  estimated=+29.0  error=0.0
INFO       cam09: true=+54  estimated=+54.0  error=0.0
INFO       cam12: true=+0  estimated=+0.0  error=0.0
INFO       cam20: true=+18  estimated=+18.0  error=0.0
INFO       MAE=0.00
INFO  
  ── Trial 2/10  true shifts: {'cam04': 0, 'cam09': 26, 'cam12': -22, 'cam20': 12}  end_cuts: {'cam04': 40, 'cam09': 26, 'cam12': 20, 'cam20': 6}
INFO    shift_spread=48
INFO       cam04: true=+22  estimated=+22.0  error=0.0
INFO       cam09: true=+48  estimated=+48.0  error=0.0
INFO       cam12: true=+0  estimated=+0.0  error=0.0
INFO       cam20: true=+34  estimated=+34.0  error=0.0
INFO       MAE=0.00
INFO  
  ── Trial 3/10  true shifts: {'cam04': 0, 'cam09': -23, 'cam12': 41, 'cam20': 4}  end_cuts: {'cam04': 13, 'cam09': 19, 'cam12': 26, 'cam20': 24}
INFO    shift_spread=64
INFO       cam04: true=+23  estimated=+23.0  error=0.0
INFO       cam09: true=+0  estimated=+0.0  error=0.0
INFO       cam12: true=+64  estimated=+64.0  error=0.0
INFO       cam20: true=+27  estimated=+27.0  error=0.0
INFO       MAE=0.00
INFO  
  ── Trial 4/10  true shifts: {'cam04': 0, 'cam09': 18, 'cam12': -22, 'cam20': 14}  end_cuts: {'cam04': 20, 'cam09': 43, 'cam12': 7, 'cam20': 6}
INFO    shift_spread=40
INFO       cam04: true=+22  estimated=+22.0  error=0.0
INFO       cam09: true=+40  estimated=+40.0  error=0.0
INFO       cam12: true=+0  estimated=+0.0  error=0.0
INFO       cam20: true=+36  estimated=+36.0  error=0.0
INFO       MAE=0.00
INFO  
  ── Trial 5/10  true shifts: {'cam04': 0, 'cam09': -3, 'cam12': 1, 'cam20': 17}  end_cuts: {'cam04': 18, 'cam09': 42, 'cam12': 21, 'cam20': 5}
INFO    shift_spread=20
INFO       cam04: true=+3  estimated=+3.0  error=0.0
INFO       cam09: true=+0  estimated=+0.0  error=0.0
INFO       cam12: true=+4  estimated=+4.0  error=0.0
INFO       cam20: true=+20  estimated=+20.0  error=0.0
INFO       MAE=0.00
INFO  
  ── Trial 6/10  true shifts: {'cam04': 0, 'cam09': -35, 'cam12': 43, 'cam20': -33}  end_cuts: {'cam04': 43, 'cam09': 12, 'cam12': 4, 'cam20': 14}
INFO    shift_spread=78
INFO       cam04: true=+35  estimated=+35.0  error=0.0
INFO       cam09: true=+0  estimated=+0.0  error=0.0
INFO       cam12: true=+78  estimated=+78.0  error=0.0
INFO       cam20: true=+2  estimated=+2.0  error=0.0
INFO       MAE=0.00
INFO  
  ── Trial 7/10  true shifts: {'cam04': 0, 'cam09': 10, 'cam12': -7, 'cam20': 26}  end_cuts: {'cam04': 28, 'cam09': 18, 'cam12': 29, 'cam20': 44}
INFO    shift_spread=33
INFO       cam04: true=+7  estimated=+7.0  error=0.0
INFO       cam09: true=+17  estimated=+17.0  error=0.0
INFO       cam12: true=+0  estimated=+0.0  error=0.0
INFO       cam20: true=+33  estimated=+33.0  error=0.0
INFO       MAE=0.00
INFO  
  ── Trial 8/10  true shifts: {'cam04': 0, 'cam09': -8, 'cam12': -32, 'cam20': -8}  end_cuts: {'cam04': 38, 'cam09': 10, 'cam12': 43, 'cam20': 27}
INFO    shift_spread=32
INFO       cam04: true=+32  estimated=+32.0  error=0.0
INFO       cam09: true=+24  estimated=+24.0  error=0.0
INFO       cam12: true=+0  estimated=+0.0  error=0.0
INFO       cam20: true=+24  estimated=+24.0  error=0.0
INFO       MAE=0.00
INFO  
  ── Trial 9/10  true shifts: {'cam04': 0, 'cam09': 9, 'cam12': -17, 'cam20': 38}  end_cuts: {'cam04': 1, 'cam09': 13, 'cam12': 19, 'cam20': 21}
INFO    shift_spread=55
INFO       cam04: true=+17  estimated=+17.0  error=0.0
INFO       cam09: true=+26  estimated=+26.0  error=0.0
INFO       cam12: true=+0  estimated=+0.0  error=0.0
INFO       cam20: true=+55  estimated=+55.0  error=0.0
INFO       MAE=0.00
INFO  
  ── Trial 10/10  true shifts: {'cam04': 0, 'cam09': -2, 'cam12': -32, 'cam20': -25}  end_cuts: {'cam04': 4, 'cam09': 26, 'cam12': 16, 'cam20': 26}
INFO    shift_spread=32
INFO       cam04: true=+32  estimated=+32.0  error=0.0
INFO       cam09: true=+30  estimated=+30.0  error=0.0
INFO       cam12: true=+0  estimated=+0.0  error=0.0
INFO       cam20: true=+7  estimated=+7.0  error=0.0
INFO       MAE=0.00
INFO  
  SUMMARY — 07_tennis/012_tennis  (solved 10/10 trials)
INFO      Shift spread    mean=45.6  median=44.0  max=78.0
INFO      MAE (frames)    0.00
INFO      MedAE (frames)  0.00
INFO      Within 0.5fr    100.0%
INFO      Within 1fr      100.0%
INFO      Within 2fr      100.0%
INFO      AUC@100ms       100.0%
INFO      AUC@500ms       100.0%
INFO  
============================================================
INFO  AGGREGATE SUMMARY  (14 scene(s)  ×  10 trials each)
INFO    metrics pooled over per-camera errors of solved trials
INFO  
INFO    All values in frames; AUC thresholds at 15 fps (100ms=1.5fr, 500ms=7.5fr)
INFO    Scene                             Cams  Pers   Solved   Spread     MAE   MedAE    W-0.5      W-1      W-2   AUC@100   AUC@500
INFO    --------------------------------  ----  ----  -------  -------  ------  ------  -------  -------  -------  --------  --------
INFO    01_tagging/007_tagging               4     4    10/10     51.5    0.00    0.00   100.0%   100.0%   100.0%    100.0%    100.0%
INFO    01_tagging/011_tagging               4     4    10/10     44.6    0.00    0.00   100.0%   100.0%   100.0%    100.0%    100.0%
INFO    02_lego/001_legoassemble             4     3    10/10     43.3    0.39    0.36    62.5%    95.0%   100.0%     73.8%     94.8%
INFO    02_lego/003_legoassemble             4     3    10/10     52.3    0.46    0.39    50.0%    97.5%   100.0%     69.5%     93.9%
INFO    03_fencing/005_fencing               4     3    10/10     41.8    0.34    0.21    60.0%   100.0%   100.0%     77.6%     95.5%
INFO    03_fencing/006_fencing               4     3    10/10     52.0    0.25    0.21    75.0%   100.0%   100.0%     83.3%     96.7%
INFO    04_basketball/001_basketball         4     4    10/10     52.2    0.25    0.21    75.0%   100.0%   100.0%     83.3%     96.7%
INFO    04_basketball/011_basketball         4     4    10/10     41.3    0.34    0.21    67.5%   100.0%   100.0%     77.6%     95.5%
INFO    05_volleyball/004_volleyball         4     4    10/10     46.6    0.44    0.39    50.0%    95.0%   100.0%     71.0%     94.2%
INFO    05_volleyball/011_volleyball         4     4    10/10     48.2    0.45    0.32    70.0%    85.0%   100.0%     70.0%     94.0%
INFO    06_badminton/022_badminton           4     4    10/10     45.2    0.14    0.21   100.0%   100.0%   100.0%     90.7%     98.1%
INFO    06_badminton/031_badminton           4     4    10/10     57.9    0.40    0.00    60.0%    87.5%   100.0%     73.3%     94.7%
INFO    07_tennis/007_tennis                 4     2    10/10     51.5    0.00    0.00   100.0%   100.0%   100.0%    100.0%    100.0%
INFO    07_tennis/012_tennis                 4     2    10/10     45.6    0.00    0.00   100.0%   100.0%   100.0%    100.0%    100.0%
INFO    --------------------------------  ----  ----  -------  -------  ------  ------  -------  -------  -------  --------  --------
INFO    TOTAL                                         140/140     48.1    0.25    0.00    76.4%    97.1%   100.0%     83.6%     96.7%
INFO    Coverage: 100.0%  (560 pooled per-camera errors)
INFO  
INFO    ── Assuming 15 fps  (1 frame = 66.7 ms) ──
INFO      MAE               16.4 ms
INFO      MedAE              0.0 ms
INFO      Within 33 ms     76.4%   (≤0.5 fr)
INFO      Within 67 ms      97.1%   (≤1 fr)
INFO      Within 133 ms     100.0%   (≤2 fr)
INFO  
INFO    ── Assuming 30 fps  (1 frame = 33.3 ms) ──
INFO      MAE                8.2 ms
INFO      MedAE              0.0 ms
INFO      Within 17 ms     76.4%   (≤0.5 fr)
INFO      Within 33 ms      97.1%   (≤1 fr)
INFO      Within 67 ms     100.0%   (≤2 fr)
