=== GPU STATUS ===
Fri Aug  7 17:10:09 2026       
+-----------------------------------------------------------------------------------------+
| NVIDIA-SMI 590.48.01              Driver Version: 590.48.01      CUDA Version: 13.1     |
+-----------------------------------------+------------------------+----------------------+
| GPU  Name                 Persistence-M | Bus-Id          Disp.A | Volatile Uncorr. ECC |
| Fan  Temp   Perf          Pwr:Usage/Cap |           Memory-Usage | GPU-Util  Compute M. |
|                                         |                        |               MIG M. |
|=========================================+========================+======================|
|   0  NVIDIA GH200 120GB             Off |   00000009:01:00.0 Off |                    0 |
| N/A   23C    P0             83W /  900W |       4MiB /  97871MiB |      0%      Default |
|                                         |                        |             Disabled |
+-----------------------------------------+------------------------+----------------------+
|   1  NVIDIA GH200 120GB             Off |   00000019:01:00.0 Off |                    0 |
| N/A   25C    P0             94W /  900W |       9MiB /  97871MiB |      0%      Default |
|                                         |                        |             Disabled |
+-----------------------------------------+------------------------+----------------------+
|   2  NVIDIA GH200 120GB             Off |   00000029:01:00.0 Off |                    0 |
| N/A   25C    P0             86W /  900W |       7MiB /  97871MiB |      0%      Default |
|                                         |                        |             Disabled |
+-----------------------------------------+------------------------+----------------------+
|   3  NVIDIA GH200 120GB             Off |   00000039:01:00.0 Off |                    0 |
| N/A   23C    P0             87W /  900W |       9MiB /  97871MiB |      0%      Default |
|                                         |                        |             Disabled |
+-----------------------------------------+------------------------+----------------------+

+-----------------------------------------------------------------------------------------+
| Processes:                                                                              |
|  GPU   GI   CI              PID   Type   Process name                        GPU Memory |
|        ID   ID                                                               Usage      |
|=========================================================================================|
|  No running processes found                                                             |
+-----------------------------------------------------------------------------------------+
=========================
Job ID: 3031597  |  Start: Fri Aug  7 05:10:09 PM CEST 2026

[sqsh] mounted /capstor/scratch/cscs/tnanni/datasets/rich/centered_test.sqsh -> /tmp/centered_test_3031597
[sqsh] scenes with crop_meta.json: 52

Loading pretrained dinov2_vitg14 from torch hub
